lv_span.c:495:13:lv_spangroup_destructor	16	static
lv_span.c:484:13:lv_spangroup_constructor	8	static
lv_span.c:91:12:lv_spangroup_create	8	static
lv_span.c:103:13:lv_spangroup_new_span	16	static
lv_span.c:158:6:lv_span_set_text	16	static
lv_span.c:180:6:lv_span_set_text_static	16	static
lv_span.c:198:6:lv_spangroup_set_align	4	static
lv_span.c:212:6:lv_spangroup_set_overflow	4	static
lv_span.c:226:6:lv_spangroup_set_indent	0	static
lv_span.c:258:17:lv_spangroup_get_align	0	static
lv_span.c:269:20:lv_spangroup_get_overflow	0	static
lv_span.c:280:12:lv_spangroup_get_indent	0	static
lv_span.c:291:16:lv_spangroup_get_mode	0	static
lv_span.c:329:12:lv_spangroup_get_max_line_h	32	static
lv_span.c:350:12:lv_spangroup_get_expand_width	56	static
lv_span.c:385:12:lv_spangroup_get_expand_height	104	static
lv_span.c:301:6:lv_spangroup_refr_mode	32	static
lv_span.c:511:13:lv_spangroup_event	216	static
lv_span.c:126:6:lv_spangroup_del_span	24	static
lv_span.c:240:6:lv_spangroup_set_mode	4	static
