lv_demo_widgets.c:203:13:baudrate_event_handler	48	static
lv_demo_widgets.c:1235:13:ip_status_timer_cb	8	static
lv_demo_widgets.c:1243:13:ethernet_status_timer_cb	8	static
lv_demo_widgets.c:1272:13:server_status_timer_cb	8	static
lv_demo_widgets.c:1369:13:meter3_anim_cb	16	static
lv_demo_widgets.c:1310:13:meter2_timer_cb	32	static
lv_demo_widgets.c:1226:13:meter1_indic3_anim_cb	16	static
lv_demo_widgets.c:1216:13:meter1_indic2_anim_cb	16	static
lv_demo_widgets.c:1207:13:meter1_indic1_anim_cb	16	static
lv_demo_widgets.c:1155:13:shop_chart_event_cb	88	static
lv_demo_widgets.c:1034:13:chart_event_cb	192	static
lv_demo_widgets.c:902:19:create_meter_box	72	static
lv_demo_widgets.c:974:19:create_shop_item.constprop	48	static
lv_demo_widgets.c:95:6:lv_demo_widgets	200	static
