lv_meter.c:264:13:lv_meter_destructor	8	static
lv_meter.c:251:13:lv_meter_constructor	8	static
lv_meter.c:592:13:inv_arc	80	static
lv_meter.c:616:13:inv_line	80	static
lv_meter.c:273:13:lv_meter_event	424	static
lv_meter.c:52:12:lv_meter_create	8	static
lv_meter.c:64:20:lv_meter_add_scale	16	static
lv_meter.c:84:6:lv_meter_set_scale_ticks	8	static
lv_meter.c:93:6:lv_meter_set_scale_major_ticks	12	static
lv_meter.c:103:6:lv_meter_set_scale_range	8	static
lv_meter.c:116:24:lv_meter_add_needle_line	32	static
lv_meter.c:134:24:lv_meter_add_needle_img	32	static
lv_meter.c:152:24:lv_meter_add_arc	32	static
lv_meter.c:170:24:lv_meter_add_scale_lines	32	static
lv_meter.c:193:6:lv_meter_set_indicator_value	24	static
lv_meter.c:213:6:lv_meter_set_indicator_start_value	16	static
lv_meter.c:230:6:lv_meter_set_indicator_end_value	16	static
