lv_arc.c:484:13:lv_arc_constructor	16	static
lv_arc.c:876:13:get_center.isra.0	56	static
lv_arc.c:753:13:inv_arc_area.part.0	88	static
lv_arc.c:65:12:lv_arc_create	8	static
lv_arc.c:90:6:lv_arc_set_start_angle	24	static
lv_arc.c:124:6:lv_arc_set_end_angle	24	static
lv_arc.c:933:13:value_update	32	static
lv_arc.c:514:13:lv_arc_event	216	static
lv_arc.c:157:6:lv_arc_set_angles	24	static
lv_arc.c:178:6:lv_arc_set_bg_start_angle	32	static
lv_arc.c:212:6:lv_arc_set_bg_end_angle	32	static
lv_arc.c:248:6:lv_arc_set_bg_angles	24	static
lv_arc.c:272:6:lv_arc_set_rotation	0	static
lv_arc.c:288:6:lv_arc_set_mode	24	static
lv_arc.c:322:6:lv_arc_set_value	32	static
lv_arc.c:345:6:lv_arc_set_range	32	static
lv_arc.c:371:6:lv_arc_set_change_rate	0	static
lv_arc.c:388:10:lv_arc_get_angle_start	0	static
lv_arc.c:399:11:lv_arc_get_angle_end	0	static
lv_arc.c:410:10:lv_arc_get_bg_angle_start	0	static
lv_arc.c:421:10:lv_arc_get_bg_angle_end	0	static
lv_arc.c:433:9:lv_arc_get_value	0	static
lv_arc.c:444:9:lv_arc_get_min_value	0	static
lv_arc.c:455:9:lv_arc_get_max_value	0	static
lv_arc.c:466:15:lv_arc_get_mode	0	static
