lv_area.h:133:26:lv_area_get_width	0	static
lv_area.h:143:26:lv_area_get_height	0	static
lv_bar.c:235:13:draw_indic	296	static
lv_bar.c:226:13:lv_bar_destructor	8	static
lv_bar.c:538:13:lv_bar_anim_ready	0	static
lv_bar.c:531:13:lv_bar_anim	0	static
lv_bar.c:492:13:lv_bar_event	24	static
lv_bar.c:204:13:lv_bar_constructor	16	static
lv_bar.c:78:12:lv_bar_create	8	static
lv_bar.c:90:6:lv_bar_set_value	96	static
lv_bar.c:104:6:lv_bar_set_start_value	96	static
lv_bar.c:117:6:lv_bar_set_range	0	static
lv_bar.c:142:6:lv_bar_set_mode	0	static
lv_bar.c:159:9:lv_bar_get_value	0	static
lv_bar.c:167:9:lv_bar_get_start_value	0	static
lv_bar.c:177:9:lv_bar_get_min_value	0	static
lv_bar.c:184:9:lv_bar_get_max_value	0	static
lv_bar.c:192:15:lv_bar_get_mode	0	static
