lv_dropdown.c:587:13:lv_dropdownlist_destructor	0	static
lv_dropdown.c:1032:13:position_to_selected	16	static
lv_dropdown.c:872:13:draw_box	112	static
lv_dropdown.c:910:13:draw_box_label	80	static
lv_dropdown.c:576:13:lv_dropdownlist_constructor	16	static
lv_dropdown.c:560:13:lv_dropdown_destructor	16	static
lv_dropdown.c:534:13:lv_dropdown_constructor	16	static
lv_dropdown.c:695:13:lv_dropdown_list_event	32	static
lv_dropdown.c:90:12:lv_dropdown_create	8	static
lv_dropdown.c:102:6:lv_dropdown_set_text	0	static
lv_dropdown.c:113:6:lv_dropdown_set_options	24	static
lv_dropdown.c:157:6:lv_dropdown_set_options_static	16	static
lv_dropdown.c:183:6:lv_dropdown_add_option	40	static
lv_dropdown.c:253:6:lv_dropdown_clear_options	8	static
lv_dropdown.c:269:6:lv_dropdown_set_selected	0	static
lv_dropdown.c:282:6:lv_dropdown_set_dir	4	static
lv_dropdown.c:294:6:lv_dropdown_set_symbol	0	static
lv_dropdown.c:303:6:lv_dropdown_set_selected_highlight	0	static
lv_dropdown.c:316:12:lv_dropdown_get_list	0	static
lv_dropdown.c:325:14:lv_dropdown_get_text	0	static
lv_dropdown.c:333:14:lv_dropdown_get_options	0	static
lv_dropdown.c:341:10:lv_dropdown_get_selected	0	static
lv_dropdown.c:350:10:lv_dropdown_get_option_cnt	0	static
lv_dropdown.c:359:6:lv_dropdown_get_selected_str	24	static
lv_dropdown.c:385:14:lv_dropdown_get_symbol	0	static
lv_dropdown.c:392:6:lv_dropdown_get_selected_highlight	0	static
lv_dropdown.c:399:10:lv_dropdown_get_dir	0	static
lv_dropdown.c:410:6:lv_dropdown_open	40	static
lv_dropdown.c:513:6:lv_dropdown_close	8	static
lv_dropdown.c:596:13:lv_dropdown_event	152	static
