lv_img.c:365:13:lv_img_constructor	16	static
lv_img.c:391:13:lv_img_destructor	8	static
lv_img.c:57:12:lv_img_create	8	static
lv_img.c:69:6:lv_img_set_src	56	static
lv_img.c:402:13:lv_img_event	144	static
lv_img.c:162:6:lv_img_set_offset_x	4	static
lv_img.c:174:6:lv_img_set_offset_y	4	static
lv_img.c:186:6:lv_img_set_angle	64	static
lv_img.c:219:6:lv_img_set_pivot	64	static
lv_img.c:252:6:lv_img_set_zoom	64	static
lv_img.c:285:6:lv_img_set_antialias	0	static
lv_img.c:298:14:lv_img_get_src	0	static
lv_img.c:307:12:lv_img_get_offset_x	0	static
lv_img.c:316:12:lv_img_get_offset_y	0	static
lv_img.c:325:10:lv_img_get_angle	0	static
lv_img.c:334:6:lv_img_get_pivot	0	static
lv_img.c:343:10:lv_img_get_zoom	0	static
lv_img.c:352:6:lv_img_get_antialias	0	static
