lv_label.c:745:13:lv_label_destructor	8	static
lv_label.c:1252:13:set_ofs_y_anim	0	static
lv_label.c:1245:13:set_ofs_x_anim	0	static
lv_label.c:1158:13:lv_label_revert_dots.part.0	24	static
lv_label.c:401:10:lv_label_get_letter_on.part.0	112	static
lv_label.c:899:13:lv_label_refr_text.part.0	144	static
lv_label.c:755:13:lv_label_event	104	static
lv_label.c:73:12:lv_label_create	8	static
lv_label.c:85:6:lv_label_set_text	16	static
lv_label.c:709:13:lv_label_constructor	16	static
lv_label.c:147:6:lv_label_set_text_fmt	28	static
lv_label.c:175:6:lv_label_set_text_static	16	static
lv_label.c:193:6:lv_label_set_long_mode	16	static
lv_label.c:219:6:lv_label_set_recolor	4	static
lv_label.c:232:6:lv_label_set_text_sel_start	0	static
lv_label.c:246:6:lv_label_set_text_sel_end	0	static
lv_label.c:264:8:lv_label_get_text	0	static
lv_label.c:271:22:lv_label_get_long_mode	0	static
lv_label.c:278:6:lv_label_get_recolor	0	static
lv_label.c:286:6:lv_label_get_letter_pos	88	static
lv_label.c:401:10:lv_label_get_letter_on	0	static
lv_label.c:529:6:lv_label_is_char_under_pos	96	static
lv_label.c:616:10:lv_label_get_text_selection_start	0	static
lv_label.c:630:10:lv_label_get_text_selection_end	0	static
lv_label.c:647:6:lv_label_ins_text	24	static
lv_label.c:686:6:lv_label_cut_text	16	static
