lv_textarea.c:936:13:pwd_char_hider_anim	0	static
lv_textarea.c:1043:13:refr_cursor_area	72	static
lv_textarea.c:826:13:lv_textarea_destructor	8	static
lv_textarea.c:914:13:cursor_blink_anim_cb	32	static
lv_textarea.c:956:13:pwd_char_hider.part.0	48	static
lv_textarea.c:946:13:pwd_char_hider_anim_ready	0	static
lv_textarea.c:84:12:lv_textarea_create	8	static
lv_textarea.c:349:6:lv_textarea_set_placeholder_text	16	static
lv_textarea.c:385:6:lv_textarea_set_cursor_pos	112	static
lv_textarea.c:792:13:lv_textarea_constructor	96	static
lv_textarea.c:170:6:lv_textarea_add_text	96	static
lv_textarea.c:96:6:lv_textarea_add_char	112	static
lv_textarea.c:232:6:lv_textarea_del_char.part.0	24	static
lv_textarea.c:232:6:lv_textarea_del_char	24	static
lv_textarea.c:276:6:lv_textarea_del_char_forward	24	static
lv_textarea.c:289:6:lv_textarea_set_text	96	static
lv_textarea.c:430:6:lv_textarea_set_cursor_click_pos	0	static
lv_textarea.c:438:6:lv_textarea_set_password_mode	24	static
lv_textarea.c:471:6:lv_textarea_set_one_line	16	static
lv_textarea.c:497:6:lv_textarea_set_accepted_chars	0	static
lv_textarea.c:506:6:lv_textarea_set_max_length	0	static
lv_textarea.c:515:6:lv_textarea_set_insert_replace	0	static
lv_textarea.c:523:6:lv_textarea_set_text_selection	16	static
lv_textarea.c:539:6:lv_textarea_set_password_show_time	0	static
lv_textarea.c:547:6:lv_textarea_set_align	16	static
lv_textarea.c:569:14:lv_textarea_get_text	0	static
lv_textarea.c:586:14:lv_textarea_get_placeholder_text	0	static
lv_textarea.c:595:12:lv_textarea_get_label	0	static
lv_textarea.c:603:10:lv_textarea_get_cursor_pos	0	static
lv_textarea.c:611:6:lv_textarea_get_cursor_click_pos	0	static
lv_textarea.c:619:6:lv_textarea_get_password_mode	0	static
lv_textarea.c:627:6:lv_textarea_get_one_line	0	static
lv_textarea.c:635:14:lv_textarea_get_accepted_chars	0	static
lv_textarea.c:644:10:lv_textarea_get_max_length	0	static
lv_textarea.c:652:6:lv_textarea_text_is_selected	16	static
lv_textarea.c:672:6:lv_textarea_get_text_selection	0	static
lv_textarea.c:685:10:lv_textarea_get_password_show_time	0	static
lv_textarea.c:698:6:lv_textarea_clear_selection	16	static
lv_textarea.c:715:6:lv_textarea_cursor_right	0	static
lv_textarea.c:724:6:lv_textarea_cursor_left	0	static
lv_textarea.c:735:6:lv_textarea_cursor_down	24	static
lv_textarea.c:764:6:lv_textarea_cursor_up	32	static
lv_textarea.c:841:13:lv_textarea_event	160	static
