lv_table.c:787:19:get_row_height	104	static
lv_table.c:760:13:refr_size	88	static
lv_table.c:577:13:draw_main	424	static
lv_table.c:447:13:lv_table_destructor	16	static
lv_table.c:428:13:lv_table_constructor	8	static
lv_table.c:464:13:lv_table_event	40	static
lv_table.c:64:12:lv_table_create	8	static
lv_table.c:201:6:lv_table_set_row_cnt	24	static
lv_table.c:112:6:lv_table_set_cell_value_fmt	76	static
lv_table.c:237:6:lv_table_set_col_cnt	48	static
lv_table.c:76:6:lv_table_set_cell_value	32	static
lv_table.c:291:6:lv_table_set_col_width	16	static
lv_table.c:304:6:lv_table_add_cell_ctrl	32	static
lv_table.c:328:6:lv_table_clear_cell_ctrl	32	static
lv_table.c:356:14:lv_table_get_cell_value	0	static
lv_table.c:372:10:lv_table_get_row_cnt	0	static
lv_table.c:380:10:lv_table_get_col_cnt	0	static
lv_table.c:388:12:lv_table_get_col_width	0	static
lv_table.c:402:6:lv_table_has_cell_ctrl	4	static
lv_table.c:417:6:lv_table_get_selected_cell	0	static
