bignum.c:1329:6:mpi_mul_hlp	16	static,ignoring_inline_asm
bignum.c:1037:5:mbedtls_mpi_cmp_mpi.constprop	8	static
bignum.c:1005:5:mbedtls_mpi_cmp_abs.constprop	4	static
bignum.c:2285:12:mpi_check_small_factors.part.0	20	static
bignum.c:315:5:mbedtls_mpi_lset.constprop	16	static
bignum.c:961:5:mbedtls_mpi_shift_r.constprop	16	static
bignum.c:89:6:mbedtls_mpi_init	0	static
bignum.c:101:6:mbedtls_mpi_free	8	static
bignum.c:120:5:mbedtls_mpi_grow	16	static
bignum.c:151:5:mbedtls_mpi_shrink	24	static
bignum.c:191:5:mbedtls_mpi_copy	24	static
bignum.c:1169:5:mbedtls_mpi_sub_abs.constprop	40	static
bignum.c:233:6:mbedtls_mpi_swap	32	static
bignum.c:249:5:mbedtls_mpi_safe_cond_assign	24	static
bignum.c:279:5:mbedtls_mpi_safe_cond_swap	32	static
bignum.c:315:5:mbedtls_mpi_lset	16	static
bignum.c:334:5:mbedtls_mpi_get_bit	0	static
bignum.c:351:5:mbedtls_mpi_set_bit	32	static
bignum.c:380:8:mbedtls_mpi_lsb	12	static
bignum.c:414:8:mbedtls_mpi_bitlen	0	static
bignum.c:433:8:mbedtls_mpi_size	0	static
bignum.c:827:5:mbedtls_mpi_read_binary	32	static
bignum.c:864:5:mbedtls_mpi_write_binary	24	static
bignum.c:910:5:mbedtls_mpi_shift_l	32	static
bignum.c:961:5:mbedtls_mpi_shift_r	32	static
bignum.c:1005:5:mbedtls_mpi_cmp_abs	8	static
bignum.c:1786:12:mpi_montmul.isra.0	56	static
bignum.c:1037:5:mbedtls_mpi_cmp_mpi	16	static
bignum.c:1072:5:mbedtls_mpi_cmp_int	16	static
bignum.c:1089:5:mbedtls_mpi_add_abs	24	static
bignum.c:1169:5:mbedtls_mpi_sub_abs	40	static
bignum.c:1215:5:mbedtls_mpi_add_mpi	24	static
bignum.c:1250:5:mbedtls_mpi_sub_mpi	24	static
bignum.c:1285:5:mbedtls_mpi_add_int	40	static
bignum.c:1303:5:mbedtls_mpi_sub_int	40	static
bignum.c:1393:5:mbedtls_mpi_mul_mpi	64	static
bignum.c:458:5:mbedtls_mpi_read_string	80	static
bignum.c:1547:5:mbedtls_mpi_div_mpi.constprop	160	static
bignum.c:571:5:mbedtls_mpi_write_string	80	static
bignum.c:1433:5:mbedtls_mpi_mul_int	24	static
bignum.c:1547:5:mbedtls_mpi_div_mpi	160	static
bignum.c:1665:5:mbedtls_mpi_div_int	32	static
bignum.c:1684:5:mbedtls_mpi_mod_mpi	16	static
bignum.c:1710:5:mbedtls_mpi_mod_int	16	static
bignum.c:1844:5:mbedtls_mpi_exp_mod	1696	static
bignum.c:2061:5:mbedtls_mpi_gcd	48	static
bignum.c:2121:5:mbedtls_mpi_fill_random	32	static
bignum.c:2312:12:mpi_miller_rabin	152	static
bignum.c:2154:5:mbedtls_mpi_inv_mod	168	static
bignum.c:2406:5:mbedtls_mpi_is_prime_ext	48	static
bignum.c:2441:5:mbedtls_mpi_is_prime	40	static
bignum.c:2464:5:mbedtls_mpi_gen_prime	96	static
bignum.c:2600:5:mbedtls_mpi_self_test	128	static
