cipher_wrap.c:1519:13:des3_ctx_free	8	static
cipher_wrap.c:1506:15:des3_ctx_alloc	8	static
cipher_wrap.c:1472:12:des3_set3key_dec_wrap	0	static
cipher_wrap.c:1480:12:des3_set3key_enc_wrap	0	static
cipher_wrap.c:1432:12:des3_crypt_cbc_wrap	0	static
cipher_wrap.c:1415:12:des3_crypt_ecb_wrap	0	static
cipher_wrap.c:1456:12:des3_set2key_dec_wrap	0	static
cipher_wrap.c:1464:12:des3_set2key_enc_wrap	0	static
cipher_wrap.c:1500:13:des_ctx_free	8	static
cipher_wrap.c:1488:15:des_ctx_alloc	8	static
cipher_wrap.c:1440:12:des_setkey_dec_wrap	0	static
cipher_wrap.c:1448:12:des_setkey_enc_wrap	0	static
cipher_wrap.c:1423:12:des_crypt_cbc_wrap	0	static
cipher_wrap.c:1408:12:des_crypt_ecb_wrap	0	static
cipher_wrap.c:119:13:ccm_ctx_free	8	static
cipher_wrap.c:109:14:ccm_ctx_alloc	8	static
cipher_wrap.c:960:12:ccm_camellia_setkey_wrap	4	static
cipher_wrap.c:585:12:ccm_aes_setkey_wrap	4	static
cipher_wrap.c:100:13:gcm_ctx_free	8	static
cipher_wrap.c:90:14:gcm_ctx_alloc	8	static
cipher_wrap.c:891:12:gcm_camellia_setkey_wrap	4	static
cipher_wrap.c:516:12:gcm_aes_setkey_wrap	4	static
cipher_wrap.c:719:13:camellia_ctx_free	8	static
cipher_wrap.c:706:15:camellia_ctx_alloc	8	static
cipher_wrap.c:694:12:camellia_setkey_dec_wrap	0	static
cipher_wrap.c:700:12:camellia_setkey_enc_wrap	0	static
cipher_wrap.c:685:12:camellia_crypt_ctr_wrap	0	static
cipher_wrap.c:675:12:camellia_crypt_cfb128_wrap	0	static
cipher_wrap.c:665:12:camellia_crypt_cbc_wrap	0	static
cipher_wrap.c:657:12:camellia_crypt_ecb_wrap	0	static
cipher_wrap.c:1736:13:blowfish_ctx_free	8	static
cipher_wrap.c:1723:15:blowfish_ctx_alloc	8	static
cipher_wrap.c:1717:12:blowfish_setkey_wrap	0	static
cipher_wrap.c:1708:12:blowfish_crypt_ctr_wrap	0	static
cipher_wrap.c:1698:12:blowfish_crypt_cfb64_wrap	0	static
cipher_wrap.c:1688:12:blowfish_crypt_cbc_wrap	0	static
cipher_wrap.c:1680:12:blowfish_crypt_ecb_wrap	0	static
cipher_wrap.c:1852:13:arc4_ctx_free	8	static
cipher_wrap.c:1839:15:arc4_ctx_alloc	8	static
cipher_wrap.c:1828:12:arc4_setkey_wrap	8	static
cipher_wrap.c:1821:12:arc4_crypt_stream_wrap	0	static
cipher_wrap.c:223:13:aes_ctx_free	8	static
cipher_wrap.c:211:15:aes_ctx_alloc	8	static
cipher_wrap.c:199:12:aes_setkey_dec_wrap	0	static
cipher_wrap.c:205:12:aes_setkey_enc_wrap	0	static
cipher_wrap.c:163:12:aes_crypt_ctr_wrap	0	static
cipher_wrap.c:144:12:aes_crypt_cfb128_wrap	0	static
cipher_wrap.c:135:12:aes_crypt_cbc_wrap	0	static
cipher_wrap.c:128:12:aes_crypt_ecb_wrap	0	static
