ctr_drbg.c:648:12:ctr_drbg_self_test_entropy	16	static
ctr_drbg.c:154:12:block_cipher_df	896	static
ctr_drbg.c:279:12:ctr_drbg_update_internal	72	static
ctr_drbg.c:56:6:mbedtls_ctr_drbg_init	0	static
ctr_drbg.c:127:6:mbedtls_ctr_drbg_free	8	static
ctr_drbg.c:139:6:mbedtls_ctr_drbg_set_prediction_resistance	0	static
ctr_drbg.c:144:6:mbedtls_ctr_drbg_set_entropy_len	0	static
ctr_drbg.c:149:6:mbedtls_ctr_drbg_set_reseed_interval	0	static
ctr_drbg.c:334:5:mbedtls_ctr_drbg_update_ret	64	static
ctr_drbg.c:355:6:mbedtls_ctr_drbg_update	56	static
ctr_drbg.c:379:5:mbedtls_ctr_drbg_reseed	408	static
ctr_drbg.c:81:5:mbedtls_ctr_drbg_seed_entropy_len	64	static
ctr_drbg.c:117:5:mbedtls_ctr_drbg_seed	56	static
ctr_drbg.c:449:5:mbedtls_ctr_drbg_random_with_add	96	static
ctr_drbg.c:523:5:mbedtls_ctr_drbg_random	16	static
ctr_drbg.c:667:5:mbedtls_ctr_drbg_self_test	416	static
