des.c:312:6:mbedtls_des_init	0	static
des.c:317:6:mbedtls_des_free	0	static
des.c:325:6:mbedtls_des3_init	0	static
des.c:330:6:mbedtls_des3_free	0	static
des.c:349:6:mbedtls_des_key_set_parity	20	static
des.c:360:5:mbedtls_des_key_check_key_parity	0	static
des.c:415:5:mbedtls_des_key_check_weak	8	static
des.c:427:6:mbedtls_des_setkey	36	static
des.c:525:13:des3_set2key	24	static
des.c:578:13:des3_set3key	16	static
des.c:500:5:mbedtls_des_setkey_enc	8	static
des.c:510:5:mbedtls_des_setkey_dec	16	static
des.c:553:5:mbedtls_des3_set2key_enc	392	static
des.c:567:5:mbedtls_des3_set2key_dec	392	static
des.c:604:5:mbedtls_des3_set3key_enc	392	static
des.c:618:5:mbedtls_des3_set3key_dec	392	static
des.c:633:5:mbedtls_des_crypt_ecb	48	static
des.c:666:5:mbedtls_des_crypt_cbc	40	static
des.c:720:5:mbedtls_des3_crypt_ecb	56	static
des.c:765:5:mbedtls_des3_crypt_cbc	40	static
des.c:873:5:mbedtls_des_self_test	1064	static
