ecp.c:1002:12:ecp_modp	16	static
ecp.c:1086:12:ecp_normalize_jac	48	static
ecp.c:1261:12:ecp_double_jac	80	static
ecp.c:1137:12:ecp_normalize_jac_many	96	static
ecp.c:434:31:mbedtls_ecp_curve_list	0	static
ecp.c:442:29:mbedtls_ecp_grp_id_list	8	static
ecp.c:468:31:mbedtls_ecp_curve_info_from_grp_id	0	static
ecp.c:486:31:mbedtls_ecp_curve_info_from_tls_id	0	static
ecp.c:504:31:mbedtls_ecp_curve_info_from_name	16	static
ecp.c:539:6:mbedtls_ecp_point_init	8	static
ecp.c:551:6:mbedtls_ecp_group_init	16	static
ecp.c:575:6:mbedtls_ecp_keypair_init	16	static
ecp.c:587:6:mbedtls_ecp_point_free	8	static
ecp.c:600:6:mbedtls_ecp_group_free	16	static
ecp.c:629:6:mbedtls_ecp_keypair_free	8	static
ecp.c:642:5:mbedtls_ecp_copy	16	static
ecp.c:659:5:mbedtls_ecp_group_copy	0	static
ecp.c:670:5:mbedtls_ecp_set_zero	8	static
ecp.c:1357:12:ecp_add_mixed	128	static
ecp.c:1903:12:ecp_mul_comb_after_precomp.isra.0	400	static
ecp.c:2324:5:mbedtls_ecp_mul_restartable.part.0	360	static
ecp.c:686:5:mbedtls_ecp_is_zero	8	static
ecp.c:696:5:mbedtls_ecp_point_cmp	16	static
ecp.c:715:5:mbedtls_ecp_point_read_string	16	static
ecp.c:734:5:mbedtls_ecp_point_write_binary	32	static
ecp.c:793:5:mbedtls_ecp_point_read_binary	24	static
ecp.c:836:5:mbedtls_ecp_tls_read_point	24	static
ecp.c:872:5:mbedtls_ecp_tls_write_point	32	static
ecp.c:906:5:mbedtls_ecp_tls_read_group	8	static
ecp.c:925:5:mbedtls_ecp_tls_read_group_id	12	static
ecp.c:964:5:mbedtls_ecp_tls_write_group	8	static
ecp.c:2616:5:mbedtls_ecp_check_pubkey	48	static
ecp.c:2324:5:mbedtls_ecp_mul_restartable	32	static
ecp.c:2455:12:mbedtls_ecp_mul_shortcuts	40	static
ecp.c:2584:5:mbedtls_ecp_muladd	72	static
ecp.c:2487:5:mbedtls_ecp_muladd_restartable	72	static
ecp.c:2390:5:mbedtls_ecp_mul	32	static
ecp.c:2640:5:mbedtls_ecp_check_privkey	16	static
ecp.c:2680:5:mbedtls_ecp_gen_privkey	48	static
ecp.c:2764:5:mbedtls_ecp_gen_keypair_base	32	static
ecp.c:2787:5:mbedtls_ecp_gen_keypair	32	static
ecp.c:2803:5:mbedtls_ecp_gen_key	40	static
ecp.c:2819:5:mbedtls_ecp_check_pub_priv	216	static
ecp.c:2865:5:mbedtls_ecp_self_test	312	static
