md.c:90:12:mbedtls_md_list	0	static
md.c:95:26:mbedtls_md_info_from_string	8	static
md.c:136:26:mbedtls_md_info_from_type	0	static
md.c:177:6:mbedtls_md_init	0	static
md.c:182:6:mbedtls_md_free	8	static
md.c:200:5:mbedtls_md_clone	8	static
md.c:216:5:mbedtls_md_init_ctx	16	static
md.c:222:5:mbedtls_md_setup	16	static
md.c:245:5:mbedtls_md_starts	0	static
md.c:253:5:mbedtls_md_update	0	static
md.c:261:5:mbedtls_md_finish	0	static
md.c:269:5:mbedtls_md	4	static
md.c:319:5:mbedtls_md_hmac_starts	96	static
md.c:366:5:mbedtls_md_hmac_update	4	static
md.c:374:5:mbedtls_md_hmac_finish	88	static
md.c:398:5:mbedtls_md_hmac_reset	16	static
md.c:414:5:mbedtls_md_hmac	40	static
md.c:443:5:mbedtls_md_process	0	static
md.c:451:15:mbedtls_md_get_size	0	static
md.c:459:19:mbedtls_md_get_type	0	static
md.c:467:13:mbedtls_md_get_name	0	static
