md_wrap.c:238:12:md5_process_wrap	0	static
md_wrap.c:232:13:md5_clone_wrap	0	static
md_wrap.c:226:13:md5_ctx_free	8	static
md_wrap.c:216:14:md5_ctx_alloc	8	static
md_wrap.c:211:12:md5_finish_wrap	0	static
md_wrap.c:205:12:md5_update_wrap	0	static
md_wrap.c:200:12:md5_starts_wrap	0	static
md_wrap.c:302:12:ripemd160_process_wrap	0	static
md_wrap.c:296:13:ripemd160_clone_wrap	0	static
md_wrap.c:290:13:ripemd160_ctx_free	8	static
md_wrap.c:280:14:ripemd160_ctx_alloc	8	static
md_wrap.c:274:12:ripemd160_finish_wrap	0	static
md_wrap.c:267:12:ripemd160_update_wrap	0	static
md_wrap.c:262:12:ripemd160_starts_wrap	0	static
md_wrap.c:366:12:sha1_process_wrap	0	static
md_wrap.c:354:13:sha1_clone_wrap	0	static
md_wrap.c:360:13:sha1_ctx_free	8	static
md_wrap.c:344:14:sha1_ctx_alloc	8	static
md_wrap.c:339:12:sha1_finish_wrap	0	static
md_wrap.c:332:12:sha1_update_wrap	0	static
md_wrap.c:327:12:sha1_starts_wrap	0	static
md_wrap.c:440:12:sha224_process_wrap	0	static
md_wrap.c:434:13:sha224_clone_wrap	0	static
md_wrap.c:428:13:sha224_ctx_free	8	static
md_wrap.c:418:14:sha224_ctx_alloc	8	static
md_wrap.c:412:12:sha224_wrap	0	static
md_wrap.c:466:12:sha256_wrap	0	static
md_wrap.c:406:12:sha224_finish_wrap	0	static
md_wrap.c:399:12:sha224_update_wrap	0	static
md_wrap.c:394:12:sha224_starts_wrap	0	static
md_wrap.c:461:12:sha256_starts_wrap	0	static
md_wrap.c:537:12:sha384_process_wrap	0	static
md_wrap.c:531:13:sha384_clone_wrap	0	static
md_wrap.c:525:13:sha384_ctx_free	8	static
md_wrap.c:515:14:sha384_ctx_alloc	8	static
md_wrap.c:509:12:sha384_wrap	0	static
md_wrap.c:563:12:sha512_wrap	0	static
md_wrap.c:503:12:sha384_finish_wrap	0	static
md_wrap.c:496:12:sha384_update_wrap	0	static
md_wrap.c:491:12:sha384_starts_wrap	0	static
md_wrap.c:558:12:sha512_starts_wrap	0	static
