pk.c:56:6:mbedtls_pk_init	0	static
pk.c:67:6:mbedtls_pk_free	8	static
pk.c:110:27:mbedtls_pk_info_from_type	0	static
pk.c:136:5:mbedtls_pk_setup	16	static
pk.c:154:5:mbedtls_pk_setup_rsa_alt	32	static
pk.c:185:5:mbedtls_pk_can_do	0	static
pk.c:240:5:mbedtls_pk_verify_restartable	32	static
pk.c:288:5:mbedtls_pk_verify	32	static
pk.c:299:5:mbedtls_pk_verify_ext	64	static
pk.c:362:5:mbedtls_pk_sign_restartable	40	static
pk.c:411:5:mbedtls_pk_sign	40	static
pk.c:423:5:mbedtls_pk_decrypt	4	static
pk.c:446:5:mbedtls_pk_encrypt	4	static
pk.c:469:5:mbedtls_pk_check_pair	8	static
pk.c:498:8:mbedtls_pk_get_bitlen	0	static
pk.c:511:5:mbedtls_pk_debug	8	static
pk.c:527:13:mbedtls_pk_get_name	0	static
pk.c:538:19:mbedtls_pk_get_type	0	static
