pk_wrap.c:60:12:rsa_can_do	0	static
pk_wrap.c:173:13:rsa_debug	8	static
pk_wrap.c:214:12:eckey_can_do	0	static
pk_wrap.c:221:15:eckey_get_bitlen	0	static
pk_wrap.c:401:13:eckey_debug	0	static
pk_wrap.c:439:12:eckeydh_can_do	0	static
pk_wrap.c:470:12:ecdsa_can_do	0	static
pk_wrap.c:597:12:rsa_alt_can_do	0	static
pk_wrap.c:602:15:rsa_alt_get_bitlen	8	static
pk_wrap.c:609:12:rsa_alt_sign_wrap	40	static
pk_wrap.c:627:12:rsa_alt_decrypt_wrap	32	static
pk_wrap.c:167:13:rsa_free_wrap	8	static
pk_wrap.c:157:14:rsa_alloc_wrap	8	static
pk_wrap.c:151:12:rsa_check_pair_wrap	0	static
pk_wrap.c:66:15:rsa_get_bitlen	8	static
pk_wrap.c:136:12:rsa_encrypt_wrap	40	static
pk_wrap.c:122:12:rsa_decrypt_wrap	40	static
pk_wrap.c:104:12:rsa_sign_wrap	40	static
pk_wrap.c:72:12:rsa_verify_wrap	48	static
pk_wrap.c:395:13:eckey_free_wrap	8	static
pk_wrap.c:385:14:eckey_alloc_wrap	8	static
pk_wrap.c:379:12:eckey_check_pair	0	static
pk_wrap.c:534:14:ecdsa_alloc_wrap	8	static
pk_wrap.c:544:13:ecdsa_free_wrap	8	static
pk_wrap.c:491:12:ecdsa_sign_wrap	0	static
pk_wrap.c:254:12:eckey_sign_wrap	216	static
pk_wrap.c:475:12:ecdsa_verify_wrap	16	static
pk_wrap.c:237:12:eckey_verify_wrap	208	static
pk_wrap.c:684:13:rsa_alt_free_wrap	8	static
pk_wrap.c:674:14:rsa_alt_alloc_wrap	8	static
pk_wrap.c:645:12:rsa_alt_check_pair	1096	static
