ssl_tls.c:6736:12:ssl_cookie_write_dummy	0	static
ssl_tls.c:6749:12:ssl_cookie_check_dummy	0	static
ssl_tls.c:6209:13:ssl_calc_finished_tls_sha256	192	static
ssl_tls.c:1199:6:ssl_calc_verify_tls_sha256	128	static
ssl_tls.c:493:12:tls_prf_generic	256	static
ssl_tls.c:557:12:tls_prf_sha256	40	static
ssl_tls.c:568:12:tls_prf_sha384	40	static
ssl_tls.c:395:12:tls1_prf	224	static
ssl_tls.c:6258:13:ssl_calc_finished_tls_sha384	312	static
ssl_tls.c:1220:6:ssl_calc_verify_tls_sha384	232	static
ssl_tls.c:6149:13:ssl_calc_finished_tls	264	static
ssl_tls.c:1171:6:ssl_calc_verify_tls	200	static
ssl_tls.c:6037:13:ssl_update_checksum_md5sha1	16	static
ssl_tls.c:6047:13:ssl_update_checksum_sha256	0	static
ssl_tls.c:6017:13:ssl_update_checksum_start	16	static
ssl_tls.c:6055:13:ssl_update_checksum_sha384	0	static
ssl_tls.c:1440:12:ssl_encrypt_buf	136	static
ssl_tls.c:2888:13:ssl_swap_epochs	24	static
ssl_tls.c:610:5:mbedtls_ssl_derive_keys	392	static
ssl_tls.c:1242:5:mbedtls_ssl_psk_derive_premaster	48	static
ssl_tls.c:2750:5:mbedtls_ssl_flush_output	16	static
ssl_tls.c:3106:6:mbedtls_ssl_recv_flight_completed	16	static
ssl_tls.c:3137:6:mbedtls_ssl_send_flight_completed	16	static
ssl_tls.c:3337:5:mbedtls_ssl_write_record	24	static
ssl_tls.c:2949:5:mbedtls_ssl_flight_transmit	40	static
ssl_tls.c:2929:5:mbedtls_ssl_resend	0	static
ssl_tls.c:3178:5:mbedtls_ssl_write_handshake_msg	24	static
ssl_tls.c:2531:5:mbedtls_ssl_fetch_input	24	static
ssl_tls.c:8575:12:ssl_write_real	24	static
ssl_tls.c:3613:5:mbedtls_ssl_prepare_handshake_record	24	static
ssl_tls.c:3705:6:mbedtls_ssl_update_handshake_status	16	static
ssl_tls.c:3776:5:mbedtls_ssl_dtls_replay_check	32	static
ssl_tls.c:3801:6:mbedtls_ssl_dtls_replay_update	40	static
ssl_tls.c:5227:5:mbedtls_ssl_send_fatal_handshake_failure	24	static
ssl_tls.c:5241:5:mbedtls_ssl_send_alert_message	32	static
ssl_tls.c:5322:5:mbedtls_ssl_write_certificate	24	static
ssl_tls.c:5875:5:mbedtls_ssl_write_change_cipher_spec	24	static
ssl_tls.c:5971:6:mbedtls_ssl_optimize_checksum	0	static
ssl_tls.c:6000:6:mbedtls_ssl_reset_checksum	8	static
ssl_tls.c:6394:5:mbedtls_ssl_write_finished	16	static
ssl_tls.c:6660:6:mbedtls_ssl_session_init	0	static
ssl_tls.c:6838:6:mbedtls_ssl_init	0	static
ssl_tls.c:7063:6:mbedtls_ssl_conf_endpoint	0	static
ssl_tls.c:7068:6:mbedtls_ssl_conf_transport	0	static
ssl_tls.c:7074:6:mbedtls_ssl_conf_dtls_anti_replay	0	static
ssl_tls.c:7081:6:mbedtls_ssl_conf_dtls_badmac_limit	0	static
ssl_tls.c:7089:6:mbedtls_ssl_set_datagram_packing	0	static
ssl_tls.c:7095:6:mbedtls_ssl_conf_handshake_timeout	0	static
ssl_tls.c:7103:6:mbedtls_ssl_conf_authmode	0	static
ssl_tls.c:7109:6:mbedtls_ssl_conf_verify	0	static
ssl_tls.c:7118:6:mbedtls_ssl_conf_rng	0	static
ssl_tls.c:7126:6:mbedtls_ssl_conf_dbg	0	static
ssl_tls.c:7134:6:mbedtls_ssl_set_bio	4	static
ssl_tls.c:7147:6:mbedtls_ssl_set_mtu	0	static
ssl_tls.c:7153:6:mbedtls_ssl_conf_read_timeout	0	static
ssl_tls.c:7158:6:mbedtls_ssl_set_timer_cb	8	static
ssl_tls.c:7172:6:mbedtls_ssl_conf_session_cache	0	static
ssl_tls.c:7184:5:mbedtls_ssl_set_session	24	static
ssl_tls.c:7205:6:mbedtls_ssl_conf_ciphersuites	0	static
ssl_tls.c:7214:6:mbedtls_ssl_conf_ciphersuites_for_version	0	static
ssl_tls.c:7228:6:mbedtls_ssl_conf_cert_profile	0	static
ssl_tls.c:7265:5:mbedtls_ssl_conf_own_cert	16	static
ssl_tls.c:7272:6:mbedtls_ssl_conf_ca_chain	0	static
ssl_tls.c:7282:5:mbedtls_ssl_set_hs_own_cert	16	static
ssl_tls.c:7290:6:mbedtls_ssl_set_hs_ca_chain	0	static
ssl_tls.c:7298:6:mbedtls_ssl_set_hs_authmode	0	static
ssl_tls.c:7332:5:mbedtls_ssl_conf_psk	32	static
ssl_tls.c:7383:5:mbedtls_ssl_set_hs_psk	24	static
ssl_tls.c:7409:6:mbedtls_ssl_conf_psk_cb	0	static
ssl_tls.c:7422:5:mbedtls_ssl_conf_dh_param	24	static
ssl_tls.c:7438:5:mbedtls_ssl_conf_dh_param_bin	24	static
ssl_tls.c:7455:5:mbedtls_ssl_conf_dh_param_ctx	24	static
ssl_tls.c:7475:6:mbedtls_ssl_conf_dhm_min_bitlen	0	static
ssl_tls.c:7486:6:mbedtls_ssl_conf_sig_hashes	0	static
ssl_tls.c:7497:6:mbedtls_ssl_conf_curves	0	static
ssl_tls.c:7505:5:mbedtls_ssl_set_hostname	24	static
ssl_tls.c:7551:6:mbedtls_ssl_conf_sni	0	static
ssl_tls.c:7562:5:mbedtls_ssl_conf_alpn_protocols	24	static
ssl_tls.c:7587:13:mbedtls_ssl_get_alpn_protocol	0	static
ssl_tls.c:7593:6:mbedtls_ssl_conf_max_version	0	static
ssl_tls.c:7599:6:mbedtls_ssl_conf_min_version	0	static
ssl_tls.c:7606:6:mbedtls_ssl_conf_fallback	0	static
ssl_tls.c:7613:6:mbedtls_ssl_conf_cert_req_ca_list	0	static
ssl_tls.c:7621:6:mbedtls_ssl_conf_encrypt_then_mac	0	static
ssl_tls.c:7628:6:mbedtls_ssl_conf_extended_master_secret	0	static
ssl_tls.c:7635:6:mbedtls_ssl_conf_arc4_support	0	static
ssl_tls.c:7657:6:mbedtls_ssl_conf_truncated_hmac	0	static
ssl_tls.c:7664:6:mbedtls_ssl_conf_cbc_record_splitting	0	static
ssl_tls.c:7670:6:mbedtls_ssl_conf_legacy_renegotiation	0	static
ssl_tls.c:7676:6:mbedtls_ssl_conf_renegotiation	0	static
ssl_tls.c:7681:6:mbedtls_ssl_conf_renegotiation_enforced	0	static
ssl_tls.c:7686:6:mbedtls_ssl_conf_renegotiation_period	0	static
ssl_tls.c:7695:6:mbedtls_ssl_conf_session_tickets	0	static
ssl_tls.c:7702:6:mbedtls_ssl_conf_session_tickets_cb	0	static
ssl_tls.c:7715:6:mbedtls_ssl_conf_export_keys_cb	0	static
ssl_tls.c:7764:8:mbedtls_ssl_get_bytes_avail	0	static
ssl_tls.c:7769:5:mbedtls_ssl_check_pending	0	static
ssl_tls.c:7824:10:mbedtls_ssl_get_verify_result	0	static
ssl_tls.c:7835:13:mbedtls_ssl_get_ciphersuite	0	static
ssl_tls.c:7843:13:mbedtls_ssl_get_version	0	static
ssl_tls.c:7881:5:mbedtls_ssl_get_record_expansion	0	static
ssl_tls.c:7982:5:mbedtls_ssl_get_max_out_record_payload	8	static
ssl_tls.c:8028:25:mbedtls_ssl_get_peer_cert	0	static
ssl_tls.c:8038:5:mbedtls_ssl_get_session	16	static
ssl_tls.c:8055:5:mbedtls_ssl_handshake_step	8	static
ssl_tls.c:8077:5:mbedtls_ssl_handshake	8	static
ssl_tls.c:8718:5:mbedtls_ssl_close_notify	12	static
ssl_tls.c:8746:6:mbedtls_ssl_transform_free	8	static
ssl_tls.c:8815:6:mbedtls_ssl_handshake_free	24	static
ssl_tls.c:5109:5:mbedtls_ssl_handle_message_type	16	static
ssl_tls.c:6665:12:ssl_handshake_init	24	static
ssl_tls.c:6868:5:mbedtls_ssl_setup	16	static
ssl_tls.c:8175:5:mbedtls_ssl_renegotiate	16	static
ssl_tls.c:8231:12:ssl_check_ctr_renegotiate	24	static
ssl_tls.c:8678:5:mbedtls_ssl_write	16	static
ssl_tls.c:7055:5:mbedtls_ssl_session_reset	24	static
ssl_tls.c:6332:6:mbedtls_ssl_handshake_wrapup	16	static
ssl_tls.c:4306:5:mbedtls_ssl_read_record.part.0	192	static
ssl_tls.c:4306:5:mbedtls_ssl_read_record	0	static
ssl_tls.c:5641:5:mbedtls_ssl_parse_certificate	56	static
ssl_tls.c:5898:5:mbedtls_ssl_parse_change_cipher_spec	8	static
ssl_tls.c:6518:5:mbedtls_ssl_parse_finished	40	static
ssl_tls.c:8262:5:mbedtls_ssl_read	32	static
ssl_tls.c:8906:6:mbedtls_ssl_session_free	8	static
ssl_tls.c:8929:6:mbedtls_ssl_free	16	static
ssl_tls.c:9008:6:mbedtls_ssl_config_init	0	static
ssl_tls.c:9055:5:mbedtls_ssl_config_defaults	296	static
ssl_tls.c:9219:6:mbedtls_ssl_config_free	16	static
ssl_tls.c:9256:15:mbedtls_ssl_sig_from_pk	8	static
ssl_tls.c:9269:15:mbedtls_ssl_sig_from_pk_alg	0	static
ssl_tls.c:9282:19:mbedtls_ssl_pk_alg_from_sig	0	static
ssl_tls.c:9304:19:mbedtls_ssl_sig_hash_set_find	0	static
ssl_tls.c:9319:6:mbedtls_ssl_sig_hash_set_add	0	static
ssl_tls.c:9341:6:mbedtls_ssl_sig_hash_set_const_hash	0	static
ssl_tls.c:9354:19:mbedtls_ssl_md_alg_from_hash	0	static
ssl_tls.c:9386:15:mbedtls_ssl_hash_from_md_alg	0	static
ssl_tls.c:9420:5:mbedtls_ssl_check_curve	0	static
ssl_tls.c:9440:5:mbedtls_ssl_check_sig_hash	0	static
ssl_tls.c:9457:5:mbedtls_ssl_check_cert_usage	16	static
ssl_tls.c:9556:6:mbedtls_ssl_write_version	0	static
ssl_tls.c:9578:6:mbedtls_ssl_read_version	4	static
ssl_tls.c:9600:5:mbedtls_ssl_set_calc_verify_md	0	static
ssl_tls.c:9644:5:mbedtls_ssl_get_key_exchange_md_ssl_tls	208	static
ssl_tls.c:9730:5:mbedtls_ssl_get_key_exchange_md_tls1_2	48	static
