adv7533.c:421:10:adv7533_SetVolume	0	static
adv7533.c:431:10:adv7533_Reset	0	static
adv7533.c:325:10:adv7533_ReadID	8	static
adv7533.c:384:10:adv7533_SetMute	16	static
adv7533.c:442:10:adv7533_SetFrequency	16	static
adv7533.c:263:10:adv7533_AudioInit	16	static
adv7533.c:314:6:adv7533_DeInit	0	static
adv7533.c:410:10:adv7533_SetOutputMode	0	static
adv7533.c:362:10:adv7533_Play	8	static
adv7533.c:372:10:adv7533_Stop	8	static
adv7533.c:341:10:adv7533_Pause	8	static
adv7533.c:351:10:adv7533_Resume	8	static
adv7533.c:100:9:ADV7533_Init	8	static
adv7533.c:115:6:ADV7533_PowerOn	8	static
adv7533.c:130:6:ADV7533_PowerDown	8	static
adv7533.c:146:6:ADV7533_Configure	8	static
adv7533.c:234:6:ADV7533_PatternEnable	8	static
adv7533.c:249:6:ADV7533_PatternDisable	0	static
