tasks.c:1072:13:prvAddNewTaskToReadyList	32	static,ignoring_inline_asm
tasks.c:5081:13:prvAddCurrentTaskToDelayedList	24	static
tasks.c:821:13:prvInitialiseNewTask.isra.0	32	static
tasks.c:3334:8:prvIdleTask	8	static,ignoring_inline_asm
tasks.c:578:15:xTaskCreateStatic	48	static,ignoring_inline_asm
tasks.c:730:13:xTaskCreate	48	static
tasks.c:1157:7:vTaskDelete	16	static,ignoring_inline_asm
tasks.c:1378:13:eTaskGetState	24	static,ignoring_inline_asm
tasks.c:1470:14:uxTaskPriorityGet	16	static
tasks.c:1492:14:uxTaskPriorityGetFromISR	8	static,ignoring_inline_asm
tasks.c:1532:7:vTaskPrioritySet	32	static,ignoring_inline_asm
tasks.c:1696:7:vTaskSuspend	16	static,ignoring_inline_asm
tasks.c:1843:7:vTaskResume	32	static,ignoring_inline_asm
tasks.c:1897:13:xTaskResumeFromISR	32	static,ignoring_inline_asm
tasks.c:1967:6:vTaskStartScheduler	56	static,ignoring_inline_asm
tasks.c:2089:6:vTaskEndScheduler	0	static,ignoring_inline_asm
tasks.c:2100:6:vTaskSuspendAll	0	static,ignoring_inline_asm
tasks.c:2284:12:xTaskGetTickCount	0	static
tasks.c:2299:12:xTaskGetTickCountFromISR	8	static
tasks.c:2330:13:uxTaskGetNumberOfTasks	0	static
tasks.c:2338:7:pcTaskGetName	0	static,ignoring_inline_asm
tasks.c:2665:12:xTaskIncrementTick	48	static,ignoring_inline_asm
tasks.c:2174:12:xTaskResumeAll.part.0	48	static,ignoring_inline_asm
tasks.c:2174:12:xTaskResumeAll	0	static,ignoring_inline_asm
tasks.c:3705:21:prvListTasksWithinSingleList.part.0	48	static,ignoring_inline_asm
tasks.c:2485:14:uxTaskGetSystemState	56	static,ignoring_inline_asm
tasks.c:1333:7:vTaskDelay	8	static,ignoring_inline_asm
tasks.c:1249:7:vTaskDelayUntil	16	static,ignoring_inline_asm
tasks.c:2947:6:vTaskSwitchContext	0	static,ignoring_inline_asm
tasks.c:3020:6:vTaskPlaceOnEventList	16	static,ignoring_inline_asm
tasks.c:3037:6:vTaskPlaceOnUnorderedEventList	8	static,ignoring_inline_asm
tasks.c:3063:7:vTaskPlaceOnEventListRestricted	16	static,ignoring_inline_asm
tasks.c:3094:12:xTaskRemoveFromEventList	24	static,ignoring_inline_asm
tasks.c:3162:6:vTaskRemoveFromUnorderedEventList	24	static,ignoring_inline_asm
tasks.c:3196:6:vTaskSetTimeOutState	8	static,ignoring_inline_asm
tasks.c:3208:6:vTaskInternalSetTimeOutState	0	static
tasks.c:3216:12:xTaskCheckForTimeOut	24	static,ignoring_inline_asm
tasks.c:3279:6:vTaskMissedYield	0	static
tasks.c:3287:14:uxTaskGetTaskNumber	0	static
tasks.c:3310:7:vTaskSetTaskNumber	0	static
tasks.c:3609:7:vTaskGetInfo	24	static,ignoring_inline_asm
tasks.c:3798:14:uxTaskGetStackHighWaterMark	0	static
tasks.c:3906:15:xTaskGetCurrentTaskHandle	0	static
tasks.c:3923:13:xTaskGetSchedulerState	0	static
tasks.c:3951:13:xTaskPriorityInherit	32	static
tasks.c:4038:13:xTaskPriorityDisinherit	32	static,ignoring_inline_asm
tasks.c:4118:7:vTaskPriorityDisinheritAfterTimeout	24	static,ignoring_inline_asm
tasks.c:4309:7:vTaskList	56	static
tasks.c:4533:12:uxTaskResetEventItemValue	0	static
tasks.c:4549:15:pvTaskIncrementMutexHeldCount	0	static
tasks.c:4566:11:ulTaskNotifyTake	16	static,ignoring_inline_asm
tasks.c:4634:13:xTaskNotifyWait	40	static,ignoring_inline_asm
tasks.c:4714:13:xTaskGenericNotify	32	static,ignoring_inline_asm
tasks.c:4828:13:xTaskGenericNotifyFromISR	40	static,ignoring_inline_asm
tasks.c:4957:7:vTaskNotifyGiveFromISR	32	static,ignoring_inline_asm
tasks.c:5044:13:xTaskNotifyStateClear	16	static
