lv_tabview.c:228:13:lv_tabview_destructor	16	static
lv_tabview.c:164:13:lv_tabview_constructor	16	static
lv_tabview.c:52:12:lv_tabview_create	16	static
lv_tabview.c:117:6:lv_tabview_set_act	32	static
lv_tabview.c:252:13:lv_tabview_event	8	static
lv_tabview.c:278:13:cont_scroll_end_event_cb	24	static
lv_tabview.c:267:13:btns_value_changed_event_cb	16	static
lv_tabview.c:63:12:lv_tabview_add_tab	40	static
lv_tabview.c:144:10:lv_tabview_get_tab_act	0	static
lv_tabview.c:150:12:lv_tabview_get_content	0	static
lv_tabview.c:155:12:lv_tabview_get_tab_btns	0	static
