lv_hal_disp.c:396:31:invalidate_layout_cb	8	static
lv_hal_disp.c:56:6:lv_disp_drv_init	8	static
lv_hal_disp.c:83:6:lv_disp_draw_buf_init	24	static
lv_hal_disp.c:99:13:lv_disp_drv_register	40	static
lv_hal_disp.c:166:6:lv_disp_drv_update	32	static
lv_hal_disp.c:206:6:lv_disp_remove	24	static
lv_hal_disp.c:232:6:lv_disp_set_default	0	static
lv_hal_disp.c:241:13:lv_disp_get_default	0	static
lv_hal_disp.c:251:12:lv_disp_get_hor_res	0	static
lv_hal_disp.c:273:12:lv_disp_get_ver_res	0	static
lv_hal_disp.c:295:6:lv_disp_get_antialiasing	0	static
lv_hal_disp.c:308:12:lv_disp_get_dpi	0	static
lv_hal_disp.c:319:31:lv_disp_flush_ready	0	static
lv_hal_disp.c:338:31:lv_disp_flush_is_last	0	static
lv_hal_disp.c:348:13:lv_disp_get_next	0	static
lv_hal_disp.c:361:22:lv_disp_get_draw_buf	0	static
lv_hal_disp.c:371:6:lv_disp_set_rotation	0	static
lv_hal_disp.c:385:15:lv_disp_get_rotation	0	static
