stmpe811.c:615:6:stmpe811_IO_WritePin	0	static
stmpe811.c:737:6:stmpe811_IO_ClearIT	16	static
stmpe811.c:931:6:stmpe811_TS_ClearIT	0	static
stmpe811.c:162:6:stmpe811_Reset	8	static
stmpe811.c:182:10:stmpe811_ReadID	8	static
stmpe811.c:638:10:stmpe811_IO_ReadPin	8	static
stmpe811.c:724:10:stmpe811_IO_ITStatus	8	static
stmpe811.c:835:9:stmpe811_TS_DetectTouch	8	static
stmpe811.c:920:9:stmpe811_TS_ITStatus	8	static
stmpe811.c:867:6:stmpe811_TS_GetXY	32	static
stmpe811.c:403:6:stmpe811_IO_Start	16	static
stmpe811.c:760:6:stmpe811_TS_Start	16	static
stmpe811.c:664:6:stmpe811_IO_DisableIT	8	static
stmpe811.c:906:6:stmpe811_TS_DisableIT	8	static
stmpe811.c:890:6:stmpe811_TS_EnableIT	8	static
stmpe811.c:648:6:stmpe811_IO_EnableIT	8	static
stmpe811.c:129:6:stmpe811_Init	8	static
stmpe811.c:435:9:stmpe811_IO_Config	24	static
stmpe811.c:197:6:stmpe811_EnableGlobalIT	8	static
stmpe811.c:216:6:stmpe811_DisableGlobalIT	8	static
stmpe811.c:244:6:stmpe811_EnableITSource	16	static
stmpe811.c:271:6:stmpe811_DisableITSource	16	static
stmpe811.c:293:6:stmpe811_SetITPolarity	16	static
stmpe811.c:319:6:stmpe811_SetITType	16	static
stmpe811.c:350:9:stmpe811_GlobalITStatus	8	static
stmpe811.c:369:9:stmpe811_ReadGITStatus	8	static
stmpe811.c:389:6:stmpe811_ClearGlobalIT	0	static
stmpe811.c:498:6:stmpe811_IO_InitPin	16	static
stmpe811.c:527:6:stmpe811_IO_DisableAF	16	static
stmpe811.c:550:6:stmpe811_IO_EnableAF	16	static
stmpe811.c:575:6:stmpe811_IO_SetEdgeMode	32	static
stmpe811.c:681:6:stmpe811_IO_EnablePinIT	16	static
stmpe811.c:703:6:stmpe811_IO_DisablePinIT	16	static
