dhcp.c:1874:1:dhcp_create_msg	32	static
dhcp.c:1040:1:dhcp_bind	16	static
dhcp.c:226:1:dhcp_inc_pcb_refcount	16	static
dhcp.c:599:1:dhcp_handle_ack.isra.0	24	static
dhcp.c:1260:1:dhcp_reboot	56	static
dhcp.c:981:1:dhcp_discover	64	static
dhcp.c:366:1:dhcp_select	64	static
dhcp.c:1754:1:dhcp_recv	80	static
dhcp.c:690:1:dhcp_set_struct	16	static
dhcp.c:712:6:dhcp_cleanup	8	static
dhcp.c:814:1:dhcp_inform	96	static
dhcp.c:858:1:dhcp_network_changed	16	static
dhcp.c:903:1:dhcp_arp_reply	64	static
dhcp.c:1150:1:dhcp_renew	64	static
dhcp.c:1318:1:dhcp_release_and_stop	64	static
dhcp.c:737:1:dhcp_start	24	static
dhcp.c:430:1:dhcp_coarse_tmr	64	static
dhcp.c:468:1:dhcp_fine_tmr	24	static
dhcp.c:1394:1:dhcp_release	64	static
dhcp.c:1406:1:dhcp_stop	64	static
dhcp.c:1980:1:dhcp_supplied_address	0	static
