lv_img_decoder.c:475:6:lv_img_decoder_built_in_close	16	static
lv_img_decoder.c:258:10:lv_img_decoder_built_in_info	32	static
lv_img_decoder.c:439:10:lv_img_decoder_built_in_read_line	72	static
lv_img_decoder.c:311:10:lv_img_decoder_built_in_open	32	static
lv_img_decoder.c:56:6:_lv_img_decoder_init	8	static
lv_img_decoder.c:83:10:lv_img_decoder_get_info	24	static
lv_img_decoder.c:99:10:lv_img_decoder_open	32	static
lv_img_decoder.c:161:10:lv_img_decoder_read_line	24	static
lv_img_decoder.c:173:6:lv_img_decoder_close	8	static
lv_img_decoder.c:189:20:lv_img_decoder_create	8	static
lv_img_decoder.c:205:6:lv_img_decoder_delete	8	static
lv_img_decoder.c:216:6:lv_img_decoder_set_info_cb	0	static
lv_img_decoder.c:226:6:lv_img_decoder_set_open_cb	0	static
lv_img_decoder.c:236:6:lv_img_decoder_set_read_line_cb	0	static
lv_img_decoder.c:246:6:lv_img_decoder_set_close_cb	0	static
