net_sockets.c:83:6:mbedtls_net_init	0	static
net_sockets.c:139:5:mbedtls_net_connect	64	static
net_sockets.c:184:5:mbedtls_net_bind	80	static
net_sockets.c:252:5:mbedtls_net_accept	80	static
net_sockets.c:371:5:mbedtls_net_set_block	8	static
net_sockets.c:378:5:mbedtls_net_set_nonblock	8	static
net_sockets.c:388:6:mbedtls_net_usleep	0	static
net_sockets.c:397:5:mbedtls_net_recv	8	static
net_sockets.c:435:5:mbedtls_net_recv_timeout	8	static
net_sockets.c:470:5:mbedtls_net_send	8	static
net_sockets.c:508:6:mbedtls_net_free	8	static
