tls_common_utils.c:11:5:tls_connection_init	8	static
tls_common_utils.c:18:5:tls_context_init	24	static
tls_common_utils.c:32:5:tls_cert_load	48	static
tls_common_utils.c:53:6:tls_connection_close	8	static
tls_common_utils.c:62:6:tls_connection_free	8	static
tls_common_utils.c:68:6:tls_connection_reset	8	static
tls_common_utils.c:74:6:tls_context_free	8	static
tls_common_utils.c:83:5:tls_write	8	static
tls_common_utils.c:101:5:tls_read	8	static
tls_common_utils.c:119:5:tls_connection_get_fd	0	static
tls_common_utils.c:124:8:tls_connection_avail_bytes	0	static
