altcp_tls_mbedtls.c:543:1:altcp_mbedtls_lower_err	8	static
altcp_tls_mbedtls.c:439:1:altcp_mbedtls_bio_recv	24	static
altcp_tls_mbedtls.c:956:1:altcp_mbedtls_abort	0	static
altcp_tls_mbedtls.c:904:1:altcp_mbedtls_recved	4	static
altcp_tls_mbedtls.c:674:1:altcp_tls_create_config	40	static
altcp_tls_mbedtls.c:1132:1:altcp_mbedtls_dealloc	16	static
altcp_tls_mbedtls.c:993:1:altcp_mbedtls_sndbuf	16	static
altcp_tls_mbedtls.c:1032:1:altcp_mbedtls_write	24	static
altcp_tls_mbedtls.c:964:1:altcp_mbedtls_close	24	static
altcp_tls_mbedtls.c:940:1:altcp_mbedtls_listen	8	static
altcp_tls_mbedtls.c:930:1:altcp_mbedtls_connect	0	static
altcp_tls_mbedtls.c:1089:1:altcp_mbedtls_bio_send	32	static
altcp_tls_mbedtls.c:493:1:altcp_mbedtls_lower_sent	16	static
altcp_tls_mbedtls.c:353:1:altcp_mbedtls_handle_rx_appldata	40	static
altcp_tls_mbedtls.c:251:1:altcp_mbedtls_lower_recv_process	32	static
altcp_tls_mbedtls.c:185:1:altcp_mbedtls_lower_recv	24	static
altcp_tls_mbedtls.c:520:1:altcp_mbedtls_lower_poll	16	static
altcp_tls_mbedtls.c:152:1:altcp_mbedtls_lower_connected	16	static
altcp_tls_mbedtls.c:1122:1:altcp_mbedtls_mss	0	static
altcp_tls_mbedtls.c:896:1:altcp_mbedtls_set_poll	0	static
altcp_tls_mbedtls.c:579:1:altcp_mbedtls_setup	40	static
altcp_tls_mbedtls.c:127:1:altcp_mbedtls_lower_accept	24	static
altcp_tls_mbedtls.c:614:1:altcp_tls_wrap	16	static
altcp_tls_mbedtls.c:631:1:altcp_tls_context	0	static
altcp_tls_mbedtls.c:756:1:altcp_tls_create_config_server_privkey_cert	48	static
altcp_tls_mbedtls.c:829:1:altcp_tls_create_config_client	48	static
altcp_tls_mbedtls.c:835:1:altcp_tls_create_config_client_2wayauth	40	static
altcp_tls_mbedtls.c:880:1:altcp_tls_free_config	8	static
