lv_grid.c:313:13:grid_update	112	static
lv_grid.c:99:6:lv_grid_init	8	static
lv_grid.c:116:6:lv_obj_set_grid_dsc_array	16	static
lv_grid.c:123:6:lv_obj_set_grid_align	16	static
lv_grid.c:130:6:lv_obj_set_grid_cell	32	static
lv_grid.c:145:6:lv_style_set_grid_row_dsc_array	0	static
lv_grid.c:153:6:lv_style_set_grid_column_dsc_array	0	static
lv_grid.c:161:6:lv_style_set_grid_row_align	0	static
lv_grid.c:169:6:lv_style_set_grid_column_align	0	static
lv_grid.c:178:6:lv_style_set_grid_cell_column_pos	0	static
lv_grid.c:186:6:lv_style_set_grid_cell_column_span	0	static
lv_grid.c:194:6:lv_style_set_grid_cell_row_pos	0	static
lv_grid.c:202:6:lv_style_set_grid_cell_row_span	0	static
lv_grid.c:210:6:lv_style_set_grid_cell_x_align	0	static
lv_grid.c:218:6:lv_style_set_grid_cell_y_align	0	static
lv_grid.c:226:6:lv_obj_set_style_grid_row_dsc_array	4	static
lv_grid.c:234:6:lv_obj_set_style_grid_column_dsc_array	4	static
lv_grid.c:243:6:lv_obj_set_style_grid_row_align	4	static
lv_grid.c:251:6:lv_obj_set_style_grid_column_align	4	static
lv_grid.c:260:6:lv_obj_set_style_grid_cell_column_pos	4	static
lv_grid.c:268:6:lv_obj_set_style_grid_cell_column_span	4	static
lv_grid.c:276:6:lv_obj_set_style_grid_cell_row_pos	4	static
lv_grid.c:284:6:lv_obj_set_style_grid_cell_row_span	4	static
lv_grid.c:292:6:lv_obj_set_style_grid_cell_x_align	4	static
lv_grid.c:300:6:lv_obj_set_style_grid_cell_y_align	4	static
