sntp.c:407:1:sntp_retry	8	static
sntp.c:581:1:sntp_send_request	16	static
sntp.c:644:1:sntp_request	24	static
sntp.c:620:1:sntp_dns_found	8	static
sntp.c:286:8:time_c_library	0	static
sntp.c:290:6:SNTP_SET_SYSTEM_TIME_RTC	64	static
sntp.c:477:1:sntp_recv	24	static
sntp.c:689:1:sntp_init	16	static
sntp.c:727:1:sntp_stop	16	static
sntp.c:748:6:sntp_enabled	0	static
sntp.c:759:1:sntp_setoperatingmode	8	static
sntp.c:772:1:sntp_getoperatingmode	0	static
sntp.c:785:1:sntp_getreachability	0	static
sntp.c:818:1:sntp_setserver	0	static
sntp.c:869:1:sntp_getserver	0	static
sntp.c:885:1:sntp_setservername	0	static
sntp.c:901:1:sntp_getservername	0	static
