lv_event.c:356:17:event_send_core	24	static
lv_event.c:51:10:lv_event_send	48	static
lv_event.c:82:10:lv_obj_event_base	8	static
lv_event.c:106:12:lv_event_get_target	0	static
lv_event.c:111:12:lv_event_get_current_target	0	static
lv_event.c:116:17:lv_event_get_code	0	static
lv_event.c:121:8:lv_event_get_param	0	static
lv_event.c:126:8:lv_event_get_user_data	0	static
lv_event.c:132:10:lv_event_register_id	0	static
lv_event.c:139:6:_lv_event_mark_deleted	0	static
lv_event.c:150:26:lv_obj_add_event_cb	32	static
lv_event.c:166:6:lv_obj_remove_event_cb	24	static
lv_event.c:190:6:lv_obj_remove_event_dsc	24	static
lv_event.c:214:14:lv_event_get_indev	0	static
lv_event.c:241:26:lv_event_get_draw_part_dsc	0	static
lv_event.c:253:19:lv_event_get_clip_area	0	static
lv_event.c:269:19:lv_event_get_old_size	0	static
lv_event.c:279:10:lv_event_get_key	0	static
lv_event.c:291:6:lv_event_set_ext_draw_size	0	static
lv_event.c:301:14:lv_event_get_self_size_info	0	static
lv_event.c:311:22:lv_event_get_hit_test_info	0	static
lv_event.c:321:19:lv_event_get_cover_area	0	static
lv_event.c:332:6:lv_event_set_cover_res	0	static
