lv_group.c:346:13:focus_next_core.part.0	32	static
lv_group.c:45:6:_lv_group_init	0	static
lv_group.c:50:14:lv_group_create	8	static
lv_group.c:71:6:lv_group_del	24	static
lv_group.c:90:6:lv_group_set_default	0	static
lv_group.c:95:14:lv_group_get_default	0	static
lv_group.c:100:6:lv_group_add_obj	24	static
lv_group.c:142:6:lv_group_remove_obj	40	static
lv_group.c:183:6:lv_group_remove_all_objs	24	static
lv_group.c:201:6:lv_group_focus_obj	32	static
lv_group.c:236:6:lv_group_focus_next	0	static
lv_group.c:241:6:lv_group_focus_prev	0	static
lv_group.c:246:6:lv_group_focus_freeze	0	static
lv_group.c:252:10:lv_group_send_data	16	static
lv_group.c:265:6:lv_group_set_focus_cb	0	static
lv_group.c:270:6:lv_group_set_editing	24	static
lv_group.c:288:6:lv_group_set_refocus_policy	0	static
lv_group.c:293:6:lv_group_set_wrap	0	static
lv_group.c:298:12:lv_group_get_focused	0	static
lv_group.c:306:21:lv_group_get_focus_cb	0	static
lv_group.c:312:6:lv_group_get_editing	0	static
lv_group.c:318:6:lv_group_get_wrap	0	static
lv_group.c:324:10:lv_group_get_obj_count	0	static
