lv_indev.c:904:13:indev_proc_release	24	static
lv_indev.c:122:6:lv_indev_enable	0	static
lv_indev.c:129:14:lv_indev_get_act	0	static
lv_indev.c:134:17:lv_indev_get_type	0	static
lv_indev.c:141:6:lv_indev_reset	16	static
lv_indev.c:176:6:lv_indev_reset_long_press	8	static
lv_indev.c:183:6:lv_indev_set_cursor	16	static
lv_indev.c:194:6:lv_indev_set_group	0	static
lv_indev.c:201:6:lv_indev_set_button_points	0	static
lv_indev.c:208:6:lv_indev_get_point	0	static
lv_indev.c:225:10:lv_indev_get_gesture_dir	0	static
lv_indev.c:230:10:lv_indev_get_key	0	static
lv_indev.c:238:10:lv_indev_get_scroll_dir	0	static
lv_indev.c:245:12:lv_indev_get_scroll_obj	0	static
lv_indev.c:252:6:lv_indev_get_vect	0	static
lv_indev.c:265:6:lv_indev_wait_release	0	static
lv_indev.c:271:12:lv_indev_get_obj_act	0	static
lv_indev.c:276:14:lv_indev_get_read_timer	0	static
lv_indev.c:286:12:lv_indev_search_obj	16	static
lv_indev.c:768:13:indev_proc_press	40	static
lv_indev.c:64:6:lv_indev_read_timer_cb	56	static
