lv_obj_style.c:648:13:trans_del	48	static
lv_obj_style.c:626:13:refresh_children_style	16	static
lv_obj_style.c:502:26:get_trans_style	24	static
lv_obj_style.c:801:13:fade_anim_cb	0	static
lv_obj_style.c:806:13:fade_in_anim_ready	0	static
lv_obj_style.c:168:6:lv_obj_refresh_style.part.0	16	static
lv_obj_style.c:606:13:report_style_change_core	16	static
lv_obj_style.c:680:13:trans_anim_cb	40	static
lv_obj_style.c:71:6:_lv_obj_style_init	0	static
lv_obj_style.c:76:6:lv_obj_add_style	32	static
lv_obj_style.c:106:6:lv_obj_remove_style	48	static
lv_obj_style.c:763:13:trans_anim_ready_cb	24	static
lv_obj_style.c:154:6:lv_obj_report_style_change	32	static
lv_obj_style.c:168:6:lv_obj_refresh_style	0	static
lv_obj_style.c:201:6:lv_obj_enable_style_refresh	0	static
lv_obj_style.c:206:18:lv_obj_get_style_prop	64	static
lv_obj_style.c:742:13:trans_anim_start_cb	24	static
lv_obj_style.c:251:6:lv_obj_set_local_style_prop	32	static
lv_obj_style.c:259:10:lv_obj_get_local_style_prop	12	static
lv_obj_style.c:273:6:lv_obj_remove_local_style_prop	8	static
lv_obj_style.c:292:6:_lv_obj_style_create_transition	104	static
lv_obj_style.c:350:23:_lv_obj_style_state_compare	40	static
lv_obj_style.c:417:6:lv_obj_fade_in	96	static
lv_obj_style.c:430:6:lv_obj_fade_out	88	static
lv_obj_style.c:442:12:lv_obj_style_get_selector_state	0	static
lv_obj_style.c:447:11:lv_obj_style_get_selector_part	0	static
