lv_obj_style_gen.c:2:6:lv_obj_set_style_width	4	static
lv_obj_style_gen.c:10:6:lv_obj_set_style_min_width	4	static
lv_obj_style_gen.c:18:6:lv_obj_set_style_max_width	4	static
lv_obj_style_gen.c:26:6:lv_obj_set_style_height	4	static
lv_obj_style_gen.c:34:6:lv_obj_set_style_min_height	4	static
lv_obj_style_gen.c:42:6:lv_obj_set_style_max_height	4	static
lv_obj_style_gen.c:50:6:lv_obj_set_style_x	4	static
lv_obj_style_gen.c:58:6:lv_obj_set_style_y	4	static
lv_obj_style_gen.c:66:6:lv_obj_set_style_align	4	static
lv_obj_style_gen.c:74:6:lv_obj_set_style_transform_width	4	static
lv_obj_style_gen.c:82:6:lv_obj_set_style_transform_height	4	static
lv_obj_style_gen.c:90:6:lv_obj_set_style_translate_x	4	static
lv_obj_style_gen.c:98:6:lv_obj_set_style_translate_y	4	static
lv_obj_style_gen.c:106:6:lv_obj_set_style_transform_zoom	4	static
lv_obj_style_gen.c:114:6:lv_obj_set_style_transform_angle	4	static
lv_obj_style_gen.c:122:6:lv_obj_set_style_pad_top	4	static
lv_obj_style_gen.c:130:6:lv_obj_set_style_pad_bottom	4	static
lv_obj_style_gen.c:138:6:lv_obj_set_style_pad_left	4	static
lv_obj_style_gen.c:146:6:lv_obj_set_style_pad_right	4	static
lv_obj_style_gen.c:154:6:lv_obj_set_style_pad_row	4	static
lv_obj_style_gen.c:162:6:lv_obj_set_style_pad_column	4	static
lv_obj_style_gen.c:170:6:lv_obj_set_style_radius	4	static
lv_obj_style_gen.c:178:6:lv_obj_set_style_clip_corner	4	static
lv_obj_style_gen.c:186:6:lv_obj_set_style_opa	4	static
lv_obj_style_gen.c:194:6:lv_obj_set_style_color_filter_dsc	4	static
lv_obj_style_gen.c:202:6:lv_obj_set_style_color_filter_opa	4	static
lv_obj_style_gen.c:210:6:lv_obj_set_style_anim_time	4	static
lv_obj_style_gen.c:218:6:lv_obj_set_style_anim_speed	4	static
lv_obj_style_gen.c:226:6:lv_obj_set_style_transition	4	static
lv_obj_style_gen.c:234:6:lv_obj_set_style_blend_mode	4	static
lv_obj_style_gen.c:242:6:lv_obj_set_style_layout	4	static
lv_obj_style_gen.c:250:6:lv_obj_set_style_base_dir	4	static
lv_obj_style_gen.c:258:6:lv_obj_set_style_bg_color	24	static
lv_obj_style_gen.c:266:6:lv_obj_set_style_bg_color_filtered	24	static
lv_obj_style_gen.c:274:6:lv_obj_set_style_bg_opa	4	static
lv_obj_style_gen.c:282:6:lv_obj_set_style_bg_grad_color	24	static
lv_obj_style_gen.c:290:6:lv_obj_set_style_bg_grad_color_filtered	24	static
lv_obj_style_gen.c:298:6:lv_obj_set_style_bg_grad_dir	4	static
lv_obj_style_gen.c:306:6:lv_obj_set_style_bg_main_stop	4	static
lv_obj_style_gen.c:314:6:lv_obj_set_style_bg_grad_stop	4	static
lv_obj_style_gen.c:322:6:lv_obj_set_style_bg_img_src	4	static
lv_obj_style_gen.c:330:6:lv_obj_set_style_bg_img_opa	4	static
lv_obj_style_gen.c:338:6:lv_obj_set_style_bg_img_recolor	24	static
lv_obj_style_gen.c:346:6:lv_obj_set_style_bg_img_recolor_filtered	24	static
lv_obj_style_gen.c:354:6:lv_obj_set_style_bg_img_recolor_opa	4	static
lv_obj_style_gen.c:362:6:lv_obj_set_style_bg_img_tiled	4	static
lv_obj_style_gen.c:370:6:lv_obj_set_style_border_color	24	static
lv_obj_style_gen.c:378:6:lv_obj_set_style_border_color_filtered	24	static
lv_obj_style_gen.c:386:6:lv_obj_set_style_border_opa	4	static
lv_obj_style_gen.c:394:6:lv_obj_set_style_border_width	4	static
lv_obj_style_gen.c:402:6:lv_obj_set_style_border_side	4	static
lv_obj_style_gen.c:410:6:lv_obj_set_style_border_post	4	static
lv_obj_style_gen.c:418:6:lv_obj_set_style_text_color	24	static
lv_obj_style_gen.c:426:6:lv_obj_set_style_text_color_filtered	24	static
lv_obj_style_gen.c:434:6:lv_obj_set_style_text_opa	4	static
lv_obj_style_gen.c:442:6:lv_obj_set_style_text_font	4	static
lv_obj_style_gen.c:450:6:lv_obj_set_style_text_letter_space	4	static
lv_obj_style_gen.c:458:6:lv_obj_set_style_text_line_space	4	static
lv_obj_style_gen.c:466:6:lv_obj_set_style_text_decor	4	static
lv_obj_style_gen.c:474:6:lv_obj_set_style_text_align	4	static
lv_obj_style_gen.c:482:6:lv_obj_set_style_img_opa	4	static
lv_obj_style_gen.c:490:6:lv_obj_set_style_img_recolor	24	static
lv_obj_style_gen.c:498:6:lv_obj_set_style_img_recolor_filtered	24	static
lv_obj_style_gen.c:506:6:lv_obj_set_style_img_recolor_opa	4	static
lv_obj_style_gen.c:514:6:lv_obj_set_style_outline_width	4	static
lv_obj_style_gen.c:522:6:lv_obj_set_style_outline_color	24	static
lv_obj_style_gen.c:530:6:lv_obj_set_style_outline_color_filtered	24	static
lv_obj_style_gen.c:538:6:lv_obj_set_style_outline_opa	4	static
lv_obj_style_gen.c:546:6:lv_obj_set_style_outline_pad	4	static
lv_obj_style_gen.c:554:6:lv_obj_set_style_shadow_width	4	static
lv_obj_style_gen.c:562:6:lv_obj_set_style_shadow_ofs_x	4	static
lv_obj_style_gen.c:570:6:lv_obj_set_style_shadow_ofs_y	4	static
lv_obj_style_gen.c:578:6:lv_obj_set_style_shadow_spread	4	static
lv_obj_style_gen.c:586:6:lv_obj_set_style_shadow_color	24	static
lv_obj_style_gen.c:594:6:lv_obj_set_style_shadow_color_filtered	24	static
lv_obj_style_gen.c:602:6:lv_obj_set_style_shadow_opa	4	static
lv_obj_style_gen.c:610:6:lv_obj_set_style_line_width	4	static
lv_obj_style_gen.c:618:6:lv_obj_set_style_line_dash_width	4	static
lv_obj_style_gen.c:626:6:lv_obj_set_style_line_dash_gap	4	static
lv_obj_style_gen.c:634:6:lv_obj_set_style_line_rounded	4	static
lv_obj_style_gen.c:642:6:lv_obj_set_style_line_color	24	static
lv_obj_style_gen.c:650:6:lv_obj_set_style_line_color_filtered	24	static
lv_obj_style_gen.c:658:6:lv_obj_set_style_line_opa	4	static
lv_obj_style_gen.c:666:6:lv_obj_set_style_arc_width	4	static
lv_obj_style_gen.c:674:6:lv_obj_set_style_arc_rounded	4	static
lv_obj_style_gen.c:682:6:lv_obj_set_style_arc_color	24	static
lv_obj_style_gen.c:690:6:lv_obj_set_style_arc_color_filtered	24	static
lv_obj_style_gen.c:698:6:lv_obj_set_style_arc_opa	4	static
lv_obj_style_gen.c:706:6:lv_obj_set_style_arc_img_src	4	static
