lv_obj.c:384:13:lv_obj_destructor	8	static
lv_obj.c:354:13:lv_obj_constructor	32	static
lv_obj.c:771:13:obj_valid_child.isra.0	24	static
lv_obj.c:698:13:lv_obj_set_state	80	static
lv_obj.c:588:13:lv_obj_event	96	static
lv_obj.c:82:6:lv_init	8	static
lv_obj.c:158:6:lv_deinit	8	static
lv_obj.c:174:12:lv_obj_create	8	static
lv_obj.c:190:6:lv_obj_add_flag	16	static
lv_obj.c:209:6:lv_obj_clear_flag	16	static
lv_obj.c:229:6:lv_obj_add_state	0	static
lv_obj.c:239:6:lv_obj_clear_state	0	static
lv_obj.c:253:6:lv_obj_has_flag	0	static
lv_obj.c:260:6:lv_obj_has_flag_any	0	static
lv_obj.c:267:12:lv_obj_get_state	0	static
lv_obj.c:274:6:lv_obj_has_state	0	static
lv_obj.c:281:8:lv_obj_get_group	0	static
lv_obj.c:293:6:lv_obj_allocate_spec_attr	8	static
lv_obj.c:311:6:lv_obj_check_type	0	static
lv_obj.c:317:6:lv_obj_has_class	0	static
lv_obj.c:328:24:lv_obj_get_class	0	static
lv_obj.c:333:6:lv_obj_is_valid	32	static
