lv_obj_pos.c:776:6:lv_obj_move_children_by.constprop	40	static
lv_obj_pos.c:42:6:lv_obj_set_pos	32	static
lv_obj_pos.c:50:6:lv_obj_set_x	24	static
lv_obj_pos.c:67:6:lv_obj_set_y	24	static
lv_obj_pos.c:231:6:lv_obj_set_size	24	static
lv_obj_pos.c:239:6:lv_obj_set_width	24	static
lv_obj_pos.c:252:6:lv_obj_set_height	24	static
lv_obj_pos.c:265:6:lv_obj_set_content_width	32	static
lv_obj_pos.c:274:6:lv_obj_set_content_height	32	static
lv_obj_pos.c:283:6:lv_obj_set_layout	8	static
lv_obj_pos.c:292:6:lv_obj_is_layout_positioned	16	static
lv_obj_pos.c:304:6:lv_obj_mark_layout_as_dirty	8	static
lv_obj_pos.c:339:10:lv_layout_register	24	static
lv_obj_pos.c:350:6:lv_obj_set_align	0	static
lv_obj_pos.c:355:6:lv_obj_align	32	static
lv_obj_pos.c:494:6:lv_obj_get_coords	0	static
lv_obj_pos.c:501:12:lv_obj_get_x	24	static
lv_obj_pos.c:519:12:lv_obj_get_x2	32	static
lv_obj_pos.c:526:12:lv_obj_get_y	24	static
lv_obj_pos.c:544:12:lv_obj_get_y2	32	static
lv_obj_pos.c:551:12:lv_obj_get_width	0	static
lv_obj_pos.c:558:12:lv_obj_get_height	0	static
lv_obj_pos.c:565:12:lv_obj_get_content_width	16	static
lv_obj_pos.c:576:12:lv_obj_get_content_height	16	static
lv_obj_pos.c:587:6:lv_obj_get_content_coords	16	static
lv_obj_pos.c:601:12:lv_obj_get_self_width	16	static
lv_obj_pos.c:608:12:lv_obj_get_self_height	16	static
lv_obj_pos.c:615:6:lv_obj_refresh_self_size	16	static
lv_obj_pos.c:776:6:lv_obj_move_children_by	56	static
lv_obj_pos.c:820:6:lv_obj_area_is_visible	32	static
lv_obj_pos.c:792:6:lv_obj_invalidate_area	16	static
lv_obj_pos.c:803:6:lv_obj_invalidate	32	static
lv_obj_pos.c:704:6:lv_obj_move_to	72	static
lv_obj_pos.c:625:6:lv_obj_refr_pos.part.0	72	static
lv_obj_pos.c:625:6:lv_obj_refr_pos	16	static
lv_obj_pos.c:84:6:lv_obj_refr_size.part.0	80	static
lv_obj_pos.c:84:6:lv_obj_refr_size	0	static
lv_obj_pos.c:958:13:layout_update_core	16	static
lv_obj_pos.c:361:6:lv_obj_align_to	40	static
lv_obj_pos.c:317:6:lv_obj_update_layout	16	static
lv_obj_pos.c:862:6:lv_obj_is_visible	32	static
lv_obj_pos.c:878:6:lv_obj_set_ext_click_area	16	static
lv_obj_pos.c:886:6:lv_obj_get_click_area	16	static
lv_obj_pos.c:897:6:lv_obj_hit_test	40	static
lv_obj_pos.c:915:12:lv_clamp_width	16	static
lv_obj_pos.c:922:12:lv_clamp_height	16	static
