lv_fs.c:50:6:_lv_fs_init	0	static
lv_fs.c:55:6:lv_fs_is_ready	16	static
lv_fs.c:66:13:lv_fs_open	32	static
lv_fs.c:106:13:lv_fs_close	8	static
lv_fs.c:124:13:lv_fs_read	40	static
lv_fs.c:137:13:lv_fs_write	40	static
lv_fs.c:156:13:lv_fs_seek	8	static
lv_fs.c:171:13:lv_fs_tell	4	static
lv_fs.c:188:13:lv_fs_dir_open	24	static
lv_fs.c:222:13:lv_fs_dir_read	4	static
lv_fs.c:239:13:lv_fs_dir_close	8	static
lv_fs.c:257:6:lv_fs_drv_init	0	static
lv_fs.c:262:6:lv_fs_drv_register	8	static
lv_fs.c:273:15:lv_fs_get_drv	16	static
lv_fs.c:286:8:lv_fs_get_letters	16	static
lv_fs.c:301:14:lv_fs_get_ext	8	static
lv_fs.c:316:8:lv_fs_up	8	static
lv_fs.c:342:14:lv_fs_get_last	8	static
