lv_tlsf.c:918:13:default_walker	0	static
lv_tlsf.c:654:13:block_insert	24	static
lv_tlsf.c:457:24:block_next.part.0	8	static
lv_tlsf.c:667:24:block_split	24	static
lv_tlsf.c:847:13:integrity_walker	16	static
lv_tlsf.c:689:24:block_absorb.part.0	8	static
lv_tlsf.c:803:14:block_prepare_used.part.0	8	static
lv_tlsf.c:714:24:block_merge_next	24	static
lv_tlsf.c:864:5:tlsf_check	48	static
lv_tlsf.c:924:6:tlsf_walk_pool	24	static
lv_tlsf.c:941:8:tlsf_block_size	0	static
lv_tlsf.c:952:5:tlsf_check_pool	24	static
lv_tlsf.c:965:8:tlsf_size	0	static
lv_tlsf.c:970:8:tlsf_align_size	0	static
lv_tlsf.c:975:8:tlsf_block_size_min	0	static
lv_tlsf.c:980:8:tlsf_block_size_max	0	static
lv_tlsf.c:990:8:tlsf_pool_overhead	0	static
lv_tlsf.c:995:8:tlsf_alloc_overhead	0	static
lv_tlsf.c:1000:8:tlsf_add_pool	24	static
lv_tlsf.c:1049:6:tlsf_remove_pool	16	static
lv_tlsf.c:1096:8:tlsf_create	24	static
lv_tlsf.c:1117:8:tlsf_create_with_pool	32	static
lv_tlsf.c:1124:6:tlsf_destroy	0	static
lv_tlsf.c:1130:8:tlsf_get_pool	0	static
lv_tlsf.c:1135:7:tlsf_malloc	24	static
lv_tlsf.c:1143:7:tlsf_memalign	24	static
lv_tlsf.c:1200:6:tlsf_free	24	static
lv_tlsf.c:1228:7:tlsf_realloc	40	static
