lv_area.h:133:26:lv_area_get_width	0	static
lv_area.h:143:26:lv_area_get_height	0	static
lv_flex.c:525:13:place_content	8	static
lv_flex.c:308:16:find_track_end	64	static
lv_flex.c:204:13:flex_update	176	static
lv_flex.c:89:6:lv_flex_init	8	static
lv_flex.c:99:6:lv_obj_set_flex_flow	8	static
lv_flex.c:105:6:lv_obj_set_flex_align	16	static
lv_flex.c:113:6:lv_obj_set_flex_grow	4	static
lv_flex.c:119:6:lv_style_set_flex_flow	0	static
lv_flex.c:127:6:lv_style_set_flex_main_place	0	static
lv_flex.c:135:6:lv_style_set_flex_cross_place	0	static
lv_flex.c:143:6:lv_style_set_flex_track_place	0	static
lv_flex.c:151:6:lv_style_set_flex_grow	0	static
lv_flex.c:160:6:lv_obj_set_style_flex_flow	4	static
lv_flex.c:168:6:lv_obj_set_style_flex_main_place	4	static
lv_flex.c:176:6:lv_obj_set_style_flex_cross_place	4	static
lv_flex.c:184:6:lv_obj_set_style_flex_track_place	4	static
lv_flex.c:192:6:lv_obj_set_style_flex_grow	4	static
