altcp_tcp.c:145:1:altcp_tcp_err	8	static
altcp_tcp.c:119:1:altcp_tcp_sent	16	static
altcp_tcp.c:486:1:altcp_tcp_get_port	16	static
altcp_tcp.c:469:1:altcp_tcp_get_ip	16	static
altcp_tcp.c:429:1:altcp_tcp_nagle_disabled	8	static
altcp_tcp.c:419:1:altcp_tcp_nagle_enable	8	static
altcp_tcp.c:409:1:altcp_tcp_nagle_disable	8	static
altcp_tcp.c:397:1:altcp_tcp_sndqueuelen	8	static
altcp_tcp.c:385:1:altcp_tcp_sndbuf	8	static
altcp_tcp.c:373:1:altcp_tcp_mss	8	static
altcp_tcp.c:89:1:altcp_tcp_connected	16	static
altcp_tcp.c:132:1:altcp_tcp_poll	8	static
altcp_tcp.c:458:1:altcp_tcp_get_tcp_addrinfo	24	static
altcp_tcp.c:440:1:altcp_tcp_setprio	16	static
altcp_tcp.c:361:1:altcp_tcp_output	8	static
altcp_tcp.c:349:1:altcp_tcp_write	24	static
altcp_tcp.c:337:1:altcp_tcp_shutdown	16	static
altcp_tcp.c:310:1:altcp_tcp_close	24	static
altcp_tcp.c:234:1:altcp_tcp_set_poll	16	static
altcp_tcp.c:298:1:altcp_tcp_abort	8	static
altcp_tcp.c:279:1:altcp_tcp_listen	16	static
altcp_tcp.c:266:1:altcp_tcp_connect	24	static
altcp_tcp.c:254:1:altcp_tcp_bind	16	static
altcp_tcp.c:244:1:altcp_tcp_recved	16	static
altcp_tcp.c:450:1:altcp_tcp_dealloc	0	static
altcp_tcp.c:102:1:altcp_tcp_recv	24	static
altcp_tcp.c:73:1:altcp_tcp_accept	24	static
altcp_tcp.c:189:1:altcp_tcp_new_ip_type	16	static
altcp_tcp.c:212:1:altcp_tcp_alloc	16	static
altcp_tcp.c:219:1:altcp_tcp_wrap	16	static
