altcp.c:136:1:altcp_alloc	8	static
altcp.c:149:1:altcp_free	8	static
altcp.c:164:1:altcp_new_ip6	0	static
altcp.c:174:1:altcp_new	0	static
altcp.c:189:1:altcp_new_ip_type	0	static
altcp.c:213:1:altcp_arg	0	static
altcp.c:225:1:altcp_accept	0	static
altcp.c:237:1:altcp_recv	0	static
altcp.c:249:1:altcp_sent	0	static
altcp.c:261:1:altcp_poll	4	static
altcp.c:277:1:altcp_err	0	static
altcp.c:291:1:altcp_recved	0	static
altcp.c:303:1:altcp_bind	0	static
altcp.c:316:1:altcp_connect	4	static
altcp.c:329:1:altcp_listen_with_backlog_and_err	0	static
altcp.c:342:1:altcp_abort	0	static
altcp.c:354:1:altcp_close	0	static
altcp.c:367:1:altcp_shutdown	0	static
altcp.c:380:1:altcp_write	4	static
altcp.c:393:1:altcp_output	0	static
altcp.c:406:1:altcp_mss	0	static
altcp.c:419:1:altcp_sndbuf	0	static
altcp.c:432:1:altcp_sndqueuelen	0	static
altcp.c:441:1:altcp_nagle_disable	0	static
altcp.c:449:1:altcp_nagle_enable	0	static
altcp.c:457:1:altcp_nagle_disabled	0	static
altcp.c:470:1:altcp_setprio	0	static
altcp.c:478:1:altcp_get_tcp_addrinfo	4	static
altcp.c:487:1:altcp_get_ip	0	static
altcp.c:496:1:altcp_get_port	0	static
altcp.c:518:1:altcp_default_set_poll	4	static
altcp.c:526:1:altcp_default_recved	0	static
altcp.c:534:1:altcp_default_bind	0	static
altcp.c:543:1:altcp_default_shutdown	4	static
altcp.c:558:1:altcp_default_write	4	static
altcp.c:567:1:altcp_default_output	0	static
altcp.c:576:1:altcp_default_mss	0	static
altcp.c:585:1:altcp_default_sndbuf	0	static
altcp.c:594:1:altcp_default_sndqueuelen	0	static
altcp.c:603:1:altcp_default_nagle_disable	0	static
altcp.c:611:1:altcp_default_nagle_enable	0	static
altcp.c:619:1:altcp_default_nagle_disabled	0	static
altcp.c:628:1:altcp_default_setprio	0	static
altcp.c:636:1:altcp_default_dealloc	0	static
altcp.c:643:1:altcp_default_get_tcp_addrinfo	4	static
altcp.c:652:1:altcp_default_get_ip	0	static
altcp.c:661:1:altcp_default_get_port	0	static
