tcp_out.c:225:1:tcp_pbuf_prealloc	32	static
tcp_out.c:158:1:tcp_create_segment	32	static
tcp_out.c:1853:1:tcp_output_alloc_header.constprop	32	static
tcp_out.c:390:1:tcp_write	104	static
tcp_out.c:827:1:tcp_split_unsent_seg	48	static
tcp_out.c:1001:1:tcp_send_fin	32	static
tcp_out.c:1032:1:tcp_enqueue_flags	32	static
tcp_out.c:1631:1:tcp_rexmit_rto_prepare	24	static
tcp_out.c:1724:1:tcp_rexmit	24	static
tcp_out.c:1783:1:tcp_rexmit_fast	8	static
tcp_out.c:1980:1:tcp_rst	56	static
tcp_out.c:2019:1:tcp_send_empty_ack	40	static
tcp_out.c:1237:1:tcp_output	56	static
tcp_out.c:1686:1:tcp_rexmit_rto_commit	8	static
tcp_out.c:1707:1:tcp_rexmit_rto	8	static
tcp_out.c:2078:1:tcp_keepalive	40	static
tcp_out.c:2116:1:tcp_zero_window_probe	48	static
