lv_calendar.c:255:13:draw_part_begin_event_cb	16	static
lv_calendar.c:345:13:highlight_update	24	static
lv_calendar.c:57:12:lv_calendar_create	8	static
lv_calendar.c:69:6:lv_calendar_set_day_names	0	static
lv_calendar.c:78:6:lv_calendar_set_today_date	24	static
lv_calendar.c:88:6:lv_calendar_set_highlighted_dates	24	static
lv_calendar.c:99:6:lv_calendar_set_showed_date	48	static
lv_calendar.c:211:13:lv_calendar_constructor	32	static
lv_calendar.c:150:28:lv_calendar_get_today_date	0	static
lv_calendar.c:161:28:lv_calendar_get_showed_date	0	static
lv_calendar.c:172:22:lv_calendar_get_highlighted_dates	0	static
lv_calendar.c:178:10:lv_calendar_get_highlighted_dates_num	0	static
lv_calendar.c:184:10:lv_calendar_get_pressed_date	16	static
