stm32f7xx_hal_ltdc.c:332:13:HAL_LTDC_MspInit	0	static
stm32f7xx_hal_ltdc.c:191:19:HAL_LTDC_Init	24	static
stm32f7xx_hal_ltdc.c:348:13:HAL_LTDC_MspDeInit	0	static
stm32f7xx_hal_ltdc.c:300:19:HAL_LTDC_DeInit	8	static
stm32f7xx_hal_ltdc.c:681:13:HAL_LTDC_ErrorCallback	0	static
stm32f7xx_hal_ltdc.c:697:13:HAL_LTDC_LineEventCallback	0	static
stm32f7xx_hal_ltdc.c:713:13:HAL_LTDC_ReloadEventCallback	0	static
stm32f7xx_hal_ltdc.c:563:6:HAL_LTDC_IRQHandler	24	static
stm32f7xx_hal_ltdc.c:763:19:HAL_LTDC_ConfigLayer	36	static
stm32f7xx_hal_ltdc.c:813:19:HAL_LTDC_ConfigColorKeying	12	static
stm32f7xx_hal_ltdc.c:851:19:HAL_LTDC_ConfigCLUT	16	static
stm32f7xx_hal_ltdc.c:900:19:HAL_LTDC_EnableColorKeying	12	static
stm32f7xx_hal_ltdc.c:935:19:HAL_LTDC_DisableColorKeying	12	static
stm32f7xx_hal_ltdc.c:970:19:HAL_LTDC_EnableCLUT	12	static
stm32f7xx_hal_ltdc.c:1005:19:HAL_LTDC_DisableCLUT	12	static
stm32f7xx_hal_ltdc.c:1038:19:HAL_LTDC_EnableDither	8	static
stm32f7xx_hal_ltdc.c:1065:19:HAL_LTDC_DisableDither	8	static
stm32f7xx_hal_ltdc.c:1096:19:HAL_LTDC_SetWindowSize	36	static
stm32f7xx_hal_ltdc.c:1152:19:HAL_LTDC_SetWindowPosition	36	static
stm32f7xx_hal_ltdc.c:1203:19:HAL_LTDC_SetPixelFormat	48	static
stm32f7xx_hal_ltdc.c:1248:19:HAL_LTDC_SetAlpha	48	static
stm32f7xx_hal_ltdc.c:1292:19:HAL_LTDC_SetAddress	48	static
stm32f7xx_hal_ltdc.c:1339:19:HAL_LTDC_SetPitch	16	static
stm32f7xx_hal_ltdc.c:1408:19:HAL_LTDC_ProgramLineEvent	12	static
stm32f7xx_hal_ltdc.c:1447:20:HAL_LTDC_Reload	12	static
stm32f7xx_hal_ltdc.c:1486:19:HAL_LTDC_ConfigLayer_NoReload	36	static
stm32f7xx_hal_ltdc.c:1535:19:HAL_LTDC_SetWindowSize_NoReload	36	static
stm32f7xx_hal_ltdc.c:1589:19:HAL_LTDC_SetWindowPosition_NoReload	36	static
stm32f7xx_hal_ltdc.c:1638:19:HAL_LTDC_SetPixelFormat_NoReload	48	static
stm32f7xx_hal_ltdc.c:1681:19:HAL_LTDC_SetAlpha_NoReload	48	static
stm32f7xx_hal_ltdc.c:1724:19:HAL_LTDC_SetAddress_NoReload	48	static
stm32f7xx_hal_ltdc.c:1769:19:HAL_LTDC_SetPitch_NoReload	12	static
stm32f7xx_hal_ltdc.c:1836:19:HAL_LTDC_ConfigColorKeying_NoReload	12	static
stm32f7xx_hal_ltdc.c:1870:19:HAL_LTDC_EnableColorKeying_NoReload	12	static
stm32f7xx_hal_ltdc.c:1903:19:HAL_LTDC_DisableColorKeying_NoReload	12	static
stm32f7xx_hal_ltdc.c:1936:19:HAL_LTDC_EnableCLUT_NoReload	12	static
stm32f7xx_hal_ltdc.c:1969:19:HAL_LTDC_DisableCLUT_NoReload	12	static
stm32f7xx_hal_ltdc.c:2018:23:HAL_LTDC_GetState	0	static
stm32f7xx_hal_ltdc.c:2029:10:HAL_LTDC_GetError	0	static
