stm32f7xx_hal_sd.c:2437:13:SD_DMATransmitCplt	0	static
stm32f7xx_hal_sd.c:3038:17:SD_FindSCR	56	static
stm32f7xx_hal_sd.c:511:13:HAL_SD_MspInit	0	static
stm32f7xx_hal_sd.c:526:13:HAL_SD_MspDeInit	0	static
stm32f7xx_hal_sd.c:470:19:HAL_SD_DeInit	8	static
stm32f7xx_hal_sd.c:567:19:HAL_SD_ReadBlocks	64	static
stm32f7xx_hal_sd.c:778:19:HAL_SD_WriteBlocks	72	static
stm32f7xx_hal_sd.c:962:19:HAL_SD_ReadBlocks_IT	48	static
stm32f7xx_hal_sd.c:1054:19:HAL_SD_WriteBlocks_IT	48	static
stm32f7xx_hal_sd.c:1147:19:HAL_SD_ReadBlocks_DMA	56	static
stm32f7xx_hal_sd.c:1264:19:HAL_SD_WriteBlocks_DMA	64	static
stm32f7xx_hal_sd.c:1379:19:HAL_SD_Erase	24	static
stm32f7xx_hal_sd.c:1672:21:HAL_SD_GetState	0	static
stm32f7xx_hal_sd.c:1683:10:HAL_SD_GetError	0	static
stm32f7xx_hal_sd.c:1693:13:HAL_SD_TxCpltCallback	0	static
stm32f7xx_hal_sd.c:1708:13:HAL_SD_RxCpltCallback	0	static
stm32f7xx_hal_sd.c:1723:13:HAL_SD_ErrorCallback	0	static
stm32f7xx_hal_sd.c:2450:13:SD_DMAReceiveCplt	16	static
stm32f7xx_hal_sd.c:2492:13:SD_DMAError	8	static
stm32f7xx_hal_sd.c:1738:13:HAL_SD_AbortCallback	0	static
stm32f7xx_hal_sd.c:2536:13:SD_DMATxAbort	16	static
stm32f7xx_hal_sd.c:1481:6:HAL_SD_IRQHandler	32	static
stm32f7xx_hal_sd.c:2575:13:SD_DMARxAbort	16	static
stm32f7xx_hal_sd.c:1949:19:HAL_SD_GetCardCID	12	static
stm32f7xx_hal_sd.c:1982:19:HAL_SD_GetCardCSD	20	static
stm32f7xx_hal_sd.c:403:19:HAL_SD_InitCard	128	static
stm32f7xx_hal_sd.c:335:19:HAL_SD_Init	8	static
stm32f7xx_hal_sd.c:2096:19:HAL_SD_GetCardStatus	120	static
stm32f7xx_hal_sd.c:2156:19:HAL_SD_GetCardInfo	20	static
stm32f7xx_hal_sd.c:2181:19:HAL_SD_ConfigWideBusOperation	56	static
stm32f7xx_hal_sd.c:2263:25:HAL_SD_GetCardState	8	static
stm32f7xx_hal_sd.c:2286:19:HAL_SD_Abort	8	static
stm32f7xx_hal_sd.c:2350:19:HAL_SD_Abort_IT	16	static
