stm32f7xx_hal_usart.c:2814:13:USART_TxISR_8BIT	0	static
stm32f7xx_hal_usart.c:2848:13:USART_TxISR_16BIT	0	static
stm32f7xx_hal_usart.c:368:13:HAL_USART_MspInit	0	static
stm32f7xx_hal_usart.c:263:19:HAL_USART_Init	16	static
stm32f7xx_hal_usart.c:383:13:HAL_USART_MspDeInit	0	static
stm32f7xx_hal_usart.c:325:19:HAL_USART_DeInit	16	static
stm32f7xx_hal_usart.c:720:19:HAL_USART_Transmit	32	static
stm32f7xx_hal_usart.c:817:19:HAL_USART_Receive	32	static
stm32f7xx_hal_usart.c:922:19:HAL_USART_TransmitReceive	40	static
stm32f7xx_hal_usart.c:1069:19:HAL_USART_Transmit_IT	8	static
stm32f7xx_hal_usart.c:1132:19:HAL_USART_Receive_IT	8	static
stm32f7xx_hal_usart.c:1203:19:HAL_USART_TransmitReceive_IT	12	static
stm32f7xx_hal_usart.c:1273:19:HAL_USART_Transmit_DMA	24	static
stm32f7xx_hal_usart.c:1358:19:HAL_USART_Receive_DMA	24	static
stm32f7xx_hal_usart.c:1473:19:HAL_USART_TransmitReceive_DMA	24	static
stm32f7xx_hal_usart.c:1590:19:HAL_USART_DMAPause	0	static
stm32f7xx_hal_usart.c:1637:19:HAL_USART_DMAResume	0	static
stm32f7xx_hal_usart.c:1681:19:HAL_USART_DMAStop	8	static
stm32f7xx_hal_usart.c:1741:19:HAL_USART_Abort	16	static
stm32f7xx_hal_usart.c:2149:13:HAL_USART_TxCpltCallback	0	static
stm32f7xx_hal_usart.c:2343:13:USART_DMATransmitCplt	8	static
stm32f7xx_hal_usart.c:2164:13:HAL_USART_TxHalfCpltCallback	0	static
stm32f7xx_hal_usart.c:2383:13:USART_DMATxHalfCplt	8	static
stm32f7xx_hal_usart.c:2179:13:HAL_USART_RxCpltCallback	0	static
stm32f7xx_hal_usart.c:2194:13:HAL_USART_RxHalfCpltCallback	0	static
stm32f7xx_hal_usart.c:2476:13:USART_DMARxHalfCplt	8	static
stm32f7xx_hal_usart.c:2209:13:HAL_USART_TxRxCpltCallback	0	static
stm32f7xx_hal_usart.c:2937:13:USART_RxISR_8BIT	16	static
stm32f7xx_hal_usart.c:3017:13:USART_RxISR_16BIT	16	static
stm32f7xx_hal_usart.c:2401:13:USART_DMAReceiveCplt	8	static
stm32f7xx_hal_usart.c:2224:13:HAL_USART_ErrorCallback	0	static
stm32f7xx_hal_usart.c:2494:13:USART_DMAError	8	static
stm32f7xx_hal_usart.c:1954:6:HAL_USART_IRQHandler	16	static
stm32f7xx_hal_usart.c:2520:13:USART_DMAAbortOnError	8	static
stm32f7xx_hal_usart.c:2239:13:HAL_USART_AbortCpltCallback	0	static
stm32f7xx_hal_usart.c:1830:19:HAL_USART_Abort_IT	16	static
stm32f7xx_hal_usart.c:2591:13:USART_DMARxAbortCallback	8	static
stm32f7xx_hal_usart.c:2543:13:USART_DMATxAbortCallback	8	static
stm32f7xx_hal_usart.c:2276:24:HAL_USART_GetState	0	static
stm32f7xx_hal_usart.c:2287:10:HAL_USART_GetError	0	static
