stm32f7xx_hal_mmc.c:2386:13:MMC_DMATransmitCplt	0	static
stm32f7xx_hal_mmc.c:508:13:HAL_MMC_MspInit	0	static
stm32f7xx_hal_mmc.c:523:13:HAL_MMC_MspDeInit	0	static
stm32f7xx_hal_mmc.c:467:19:HAL_MMC_DeInit	8	static
stm32f7xx_hal_mmc.c:564:19:HAL_MMC_ReadBlocks	64	static
stm32f7xx_hal_mmc.c:765:19:HAL_MMC_WriteBlocks	72	static
stm32f7xx_hal_mmc.c:940:19:HAL_MMC_ReadBlocks_IT	48	static
stm32f7xx_hal_mmc.c:1032:19:HAL_MMC_WriteBlocks_IT	48	static
stm32f7xx_hal_mmc.c:1124:19:HAL_MMC_ReadBlocks_DMA	48	static
stm32f7xx_hal_mmc.c:1241:19:HAL_MMC_WriteBlocks_DMA	64	static
stm32f7xx_hal_mmc.c:1356:19:HAL_MMC_Erase	24	static
stm32f7xx_hal_mmc.c:1643:22:HAL_MMC_GetState	0	static
stm32f7xx_hal_mmc.c:1654:10:HAL_MMC_GetError	0	static
stm32f7xx_hal_mmc.c:1664:13:HAL_MMC_TxCpltCallback	0	static
stm32f7xx_hal_mmc.c:1679:13:HAL_MMC_RxCpltCallback	0	static
stm32f7xx_hal_mmc.c:1694:13:HAL_MMC_ErrorCallback	0	static
stm32f7xx_hal_mmc.c:2399:13:MMC_DMAReceiveCplt	16	static
stm32f7xx_hal_mmc.c:2440:13:MMC_DMAError	8	static
stm32f7xx_hal_mmc.c:1709:13:HAL_MMC_AbortCallback	0	static
stm32f7xx_hal_mmc.c:2483:13:MMC_DMATxAbort	16	static
stm32f7xx_hal_mmc.c:2528:13:MMC_DMARxAbort	16	static
stm32f7xx_hal_mmc.c:1453:6:HAL_MMC_IRQHandler	32	static
stm32f7xx_hal_mmc.c:1920:19:HAL_MMC_GetCardCID	12	static
stm32f7xx_hal_mmc.c:1953:19:HAL_MMC_GetCardCSD	56	static
stm32f7xx_hal_mmc.c:396:19:HAL_MMC_InitCard	128	static
stm32f7xx_hal_mmc.c:328:19:HAL_MMC_Init	8	static
stm32f7xx_hal_mmc.c:2070:19:HAL_MMC_GetCardInfo	16	static
stm32f7xx_hal_mmc.c:2094:19:HAL_MMC_ConfigWideBusOperation	80	static
stm32f7xx_hal_mmc.c:2225:26:HAL_MMC_GetCardState	8	static
stm32f7xx_hal_mmc.c:2248:19:HAL_MMC_Abort	16	static
stm32f7xx_hal_mmc.c:2305:19:HAL_MMC_Abort_IT	16	static
