stm32f7xx_hal_rtc.c:683:13:HAL_RTC_MspInit	0	static
stm32f7xx_hal_rtc.c:242:19:HAL_RTC_Init	24	static
stm32f7xx_hal_rtc.c:699:13:HAL_RTC_MspDeInit	0	static
stm32f7xx_hal_rtc.c:359:19:HAL_RTC_DeInit	16	static
stm32f7xx_hal_rtc.c:738:19:HAL_RTC_SetTime	32	static
stm32f7xx_hal_rtc.c:872:19:HAL_RTC_GetTime	12	static
stm32f7xx_hal_rtc.c:917:19:HAL_RTC_SetDate	24	static
stm32f7xx_hal_rtc.c:1027:19:HAL_RTC_GetDate	16	static
stm32f7xx_hal_rtc.c:1082:19:HAL_RTC_SetAlarm	24	static
stm32f7xx_hal_rtc.c:1268:19:HAL_RTC_SetAlarm_IT	32	static
stm32f7xx_hal_rtc.c:1451:19:HAL_RTC_DeactivateAlarm	16	static
stm32f7xx_hal_rtc.c:1548:19:HAL_RTC_GetAlarm	28	static
stm32f7xx_hal_rtc.c:1650:13:HAL_RTC_AlarmAEventCallback	0	static
stm32f7xx_hal_rtc.c:1599:6:HAL_RTC_AlarmIRQHandler	8	static
stm32f7xx_hal_rtc.c:1667:19:HAL_RTC_PollForAlarmAEvent	16	static
stm32f7xx_hal_rtc.c:1729:19:HAL_RTC_WaitForSynchro	16	static
stm32f7xx_hal_rtc.c:1775:21:HAL_RTC_GetState	0	static
stm32f7xx_hal_rtc.c:1786:6:HAL_RTC_DST_Add1Hour	4	static
stm32f7xx_hal_rtc.c:1800:6:HAL_RTC_DST_Sub1Hour	4	static
stm32f7xx_hal_rtc.c:1814:6:HAL_RTC_DST_SetStoreOperation	4	static
stm32f7xx_hal_rtc.c:1827:6:HAL_RTC_DST_ClearStoreOperation	4	static
stm32f7xx_hal_rtc.c:1840:10:HAL_RTC_DST_ReadStoreOperation	0	static
stm32f7xx_hal_rtc.c:1858:19:RTC_EnterInitMode	16	static
stm32f7xx_hal_rtc.c:1890:9:RTC_ByteToBcd2	0	static
stm32f7xx_hal_rtc.c:1908:9:RTC_Bcd2ToByte	0	static
