stm32f7xx_hal_eth.c:1841:13:ETH_MACDMAConfig	24	static
stm32f7xx_hal_eth.c:530:19:HAL_ETH_DMATxDescListInit	24	static
stm32f7xx_hal_eth.c:597:19:HAL_ETH_DMARxDescListInit	24	static
stm32f7xx_hal_eth.c:664:13:HAL_ETH_MspInit	0	static
stm32f7xx_hal_eth.c:209:19:HAL_ETH_Init	40	static
stm32f7xx_hal_eth.c:680:13:HAL_ETH_MspDeInit	0	static
stm32f7xx_hal_eth.c:494:19:HAL_ETH_DeInit	8	static
stm32f7xx_hal_eth.c:891:19:HAL_ETH_TransmitFrame	16	static
stm32f7xx_hal_eth.c:1004:19:HAL_ETH_GetReceivedFrame	12	static
stm32f7xx_hal_eth.c:1084:19:HAL_ETH_GetReceivedFrame_IT	12	static
stm32f7xx_hal_eth.c:1243:13:HAL_ETH_TxCpltCallback	0	static
stm32f7xx_hal_eth.c:1259:13:HAL_ETH_RxCpltCallback	0	static
stm32f7xx_hal_eth.c:1275:13:HAL_ETH_ErrorCallback	0	static
stm32f7xx_hal_eth.c:1169:6:HAL_ETH_IRQHandler	16	static
stm32f7xx_hal_eth.c:1297:19:HAL_ETH_ReadPHYRegister	16	static
stm32f7xx_hal_eth.c:1371:19:HAL_ETH_WritePHYRegister	16	static
stm32f7xx_hal_eth.c:1463:19:HAL_ETH_Start	40	static
stm32f7xx_hal_eth.c:1502:19:HAL_ETH_Stop	40	static
stm32f7xx_hal_eth.c:1542:19:HAL_ETH_ConfigMAC	24	static
stm32f7xx_hal_eth.c:1709:19:HAL_ETH_ConfigDMA	32	static
stm32f7xx_hal_eth.c:1816:22:HAL_ETH_GetState	0	static
