stm32f7xx_hal_i2s.c:482:13:HAL_I2S_MspInit	0	static
stm32f7xx_hal_i2s.c:262:19:HAL_I2S_Init	24	static
stm32f7xx_hal_i2s.c:498:13:HAL_I2S_MspDeInit	0	static
stm32f7xx_hal_i2s.c:438:19:HAL_I2S_DeInit	8	static
stm32f7xx_hal_i2s.c:761:19:HAL_I2S_Transmit	40	static
stm32f7xx_hal_i2s.c:880:19:HAL_I2S_Receive	40	static
stm32f7xx_hal_i2s.c:978:19:HAL_I2S_Transmit_IT	8	static
stm32f7xx_hal_i2s.c:1044:19:HAL_I2S_Receive_IT	8	static
stm32f7xx_hal_i2s.c:1108:19:HAL_I2S_Transmit_DMA	16	static
stm32f7xx_hal_i2s.c:1199:19:HAL_I2S_Receive_DMA	24	static
stm32f7xx_hal_i2s.c:1288:19:HAL_I2S_DMAPause	0	static
stm32f7xx_hal_i2s.c:1320:19:HAL_I2S_DMAResume	0	static
stm32f7xx_hal_i2s.c:1359:19:HAL_I2S_DMAStop	32	static
stm32f7xx_hal_i2s.c:1520:13:HAL_I2S_TxHalfCpltCallback	0	static
stm32f7xx_hal_i2s.c:1735:13:I2S_DMATxHalfCplt	8	static
stm32f7xx_hal_i2s.c:1536:13:HAL_I2S_TxCpltCallback	0	static
stm32f7xx_hal_i2s.c:1708:13:I2S_DMATxCplt	8	static
stm32f7xx_hal_i2s.c:1552:13:HAL_I2S_RxHalfCpltCallback	0	static
stm32f7xx_hal_i2s.c:1779:13:I2S_DMARxHalfCplt	8	static
stm32f7xx_hal_i2s.c:1568:13:HAL_I2S_RxCpltCallback	0	static
stm32f7xx_hal_i2s.c:1753:13:I2S_DMARxCplt	8	static
stm32f7xx_hal_i2s.c:1584:13:HAL_I2S_ErrorCallback	0	static
stm32f7xx_hal_i2s.c:1797:13:I2S_DMAError	8	static
stm32f7xx_hal_i2s.c:1459:6:HAL_I2S_IRQHandler	16	static
stm32f7xx_hal_i2s.c:1619:22:HAL_I2S_GetState	0	static
stm32f7xx_hal_i2s.c:1630:10:HAL_I2S_GetError	0	static
