stm32f7xx_hal_adc.c:473:13:HAL_ADC_MspInit	0	static
stm32f7xx_hal_adc.c:322:19:HAL_ADC_Init	24	static
stm32f7xx_hal_adc.c:488:13:HAL_ADC_MspDeInit	0	static
stm32f7xx_hal_adc.c:416:19:HAL_ADC_DeInit	16	static
stm32f7xx_hal_adc.c:730:19:HAL_ADC_Start	16	static
stm32f7xx_hal_adc.c:851:19:HAL_ADC_Stop	0	static
stm32f7xx_hal_adc.c:894:19:HAL_ADC_PollForConversion	16	static
stm32f7xx_hal_adc.c:983:19:HAL_ADC_PollForEvent	24	static
stm32f7xx_hal_adc.c:1049:19:HAL_ADC_Start_IT	16	static
stm32f7xx_hal_adc.c:1172:19:HAL_ADC_Stop_IT	4	static
stm32f7xx_hal_adc.c:1371:19:HAL_ADC_Start_DMA	32	static
stm32f7xx_hal_adc.c:1509:19:HAL_ADC_Stop_DMA	8	static
stm32f7xx_hal_adc.c:1565:10:HAL_ADC_GetValue	0	static
stm32f7xx_hal_adc.c:1577:13:HAL_ADC_ConvCpltCallback	0	static
stm32f7xx_hal_adc.c:1592:13:HAL_ADC_ConvHalfCpltCallback	0	static
stm32f7xx_hal_adc.c:2057:13:ADC_DMAHalfConvCplt	8	static
stm32f7xx_hal_adc.c:1607:13:HAL_ADC_LevelOutOfWindowCallback	0	static
stm32f7xx_hal_adc.c:1628:13:HAL_ADC_ErrorCallback	0	static
stm32f7xx_hal_adc.c:1209:6:HAL_ADC_IRQHandler	16	static
stm32f7xx_hal_adc.c:2074:13:ADC_DMAError	8	static
stm32f7xx_hal_adc.c:1988:13:ADC_DMAConvCplt	8	static
stm32f7xx_hal_adc.c:1666:19:HAL_ADC_ConfigChannel	24	static
stm32f7xx_hal_adc.c:1787:19:HAL_ADC_AnalogWDGConfig	16	static
stm32f7xx_hal_adc.c:1869:10:HAL_ADC_GetState	0	static
stm32f7xx_hal_adc.c:1881:10:HAL_ADC_GetError	0	static
