lv_chart.c:658:13:lv_chart_destructor	16	static
lv_chart.c:627:13:lv_chart_constructor	16	static
lv_chart.c:1555:13:invalidate_point.part.0	40	static
lv_chart.c:1608:13:new_points_alloc.isra.0	24	static
lv_chart.c:64:12:lv_chart_create	8	static
lv_chart.c:72:6:lv_chart_set_type	24	static
lv_chart.c:101:6:lv_chart_set_point_count	32	static
lv_chart.c:125:6:lv_chart_set_range	0	static
lv_chart.c:157:6:lv_chart_set_update_mode	4	static
lv_chart.c:168:6:lv_chart_set_div_line_count	0	static
lv_chart.c:182:6:lv_chart_set_zoom_x	8	static
lv_chart.c:194:6:lv_chart_set_zoom_y	8	static
lv_chart.c:206:10:lv_chart_get_zoom_x	0	static
lv_chart.c:214:10:lv_chart_get_zoom_y	0	static
lv_chart.c:222:6:lv_chart_set_axis_tick	24	static
lv_chart.c:238:17:lv_chart_get_type	0	static
lv_chart.c:246:10:lv_chart_get_point_count	0	static
lv_chart.c:254:10:lv_chart_get_x_start_point	0	static
lv_chart.c:262:6:lv_chart_get_point_pos_by_id	56	static
lv_chart.c:678:13:lv_chart_event	368	static
lv_chart.c:313:6:lv_chart_refresh	0	static
lv_chart.c:324:21:lv_chart_add_series	24	static
lv_chart.c:367:6:lv_chart_remove_series	16	static
lv_chart.c:381:6:lv_chart_hide_series	0	static
lv_chart.c:391:6:lv_chart_set_series_color	0	static
lv_chart.c:400:6:lv_chart_set_x_start_point	0	static
lv_chart.c:410:21:lv_chart_get_series_next	0	static
lv_chart.c:430:22:lv_chart_add_cursor	16	static
lv_chart.c:456:6:lv_chart_set_cursor_pos	0	static
lv_chart.c:475:6:lv_chart_set_cursor_point	16	static
lv_chart.c:493:12:lv_chart_get_cursor_point	8	static
lv_chart.c:506:6:lv_chart_set_all_value	12	static
lv_chart.c:520:6:lv_chart_set_next_value	16	static
lv_chart.c:532:6:lv_chart_set_next_value2	24	static
lv_chart.c:553:6:lv_chart_set_value_by_id	0	static
lv_chart.c:563:6:lv_chart_set_value_by_id2	8	static
lv_chart.c:579:6:lv_chart_set_ext_y_array	16	static
lv_chart.c:590:6:lv_chart_set_ext_x_array	16	static
lv_chart.c:601:14:lv_chart_get_y_array	0	static
lv_chart.c:609:14:lv_chart_get_x_array	0	static
lv_chart.c:617:10:lv_chart_get_pressed_point	0	static
lv_chart.c:1654:23:get_tick_gsc	0	static
